Archive member included to satisfy reference by file (symbol)

../micro_ros_stm32cubemx_utils/microros_static_library_ide/libmicroros/libmicroros.a(librcl-init_options.c.obj)
                              ./Core/Src/main.o (rcl_get_zero_initialized_init_options)
../micro_ros_stm32cubemx_utils/microros_static_library_ide/libmicroros/libmicroros.a(librclc-init.c.obj)
                              ./Core/Src/main.o (rclc_support_init_with_options)
../micro_ros_stm32cubemx_utils/microros_static_library_ide/libmicroros/libmicroros.a(librclc-node.c.obj)
                              ./Core/Src/main.o (rclc_node_init_default)
../micro_ros_stm32cubemx_utils/microros_static_library_ide/libmicroros/libmicroros.a(librcutils-allocator.c.obj)
                              ./Core/Src/main.o (rcutils_get_zero_initialized_allocator)
../micro_ros_stm32cubemx_utils/microros_static_library_ide/libmicroros/libmicroros.a(librcutils-error_handling.c.obj)
                              ../micro_ros_stm32cubemx_utils/microros_static_library_ide/libmicroros/libmicroros.a(librcl-init_options.c.obj) (rcutils_get_error_string)
../micro_ros_stm32cubemx_utils/microros_static_library_ide/libmicroros/libmicroros.a(librmw-init_options.c.obj)
                              ../micro_ros_stm32cubemx_utils/microros_static_library_ide/libmicroros/libmicroros.a(librcl-init_options.c.obj) (rmw_get_zero_initialized_init_options)
../micro_ros_stm32cubemx_utils/microros_static_library_ide/libmicroros/libmicroros.a(librmw-security_options.c.obj)
                              ../micro_ros_stm32cubemx_utils/microros_static_library_ide/libmicroros/libmicroros.a(librmw-init_options.c.obj) (rmw_get_default_security_options)
../micro_ros_stm32cubemx_utils/microros_static_library_ide/libmicroros/libmicroros.a(librmw_microxrcedds-custom_transport.c.obj)
                              ./Core/Src/main.o (rmw_uros_set_custom_transport)
../micro_ros_stm32cubemx_utils/microros_static_library_ide/libmicroros/libmicroros.a(librmw_microxrcedds-rmw_init.c.obj)
                              ../micro_ros_stm32cubemx_utils/microros_static_library_ide/libmicroros/libmicroros.a(librcl-init_options.c.obj) (rmw_init_options_init)
../micro_ros_stm32cubemx_utils/microros_static_library_ide/libmicroros/libmicroros.a(librmw_microxrcedds-rmw_node.c.obj)
                              ../micro_ros_stm32cubemx_utils/microros_static_library_ide/libmicroros/libmicroros.a(librmw_microxrcedds-rmw_init.c.obj) (rmw_destroy_node)
../micro_ros_stm32cubemx_utils/microros_static_library_ide/libmicroros/libmicroros.a(librmw_microxrcedds-rmw_publisher.c.obj)
                              ../micro_ros_stm32cubemx_utils/microros_static_library_ide/libmicroros/libmicroros.a(librmw_microxrcedds-rmw_node.c.obj) (rmw_destroy_publisher)
../micro_ros_stm32cubemx_utils/microros_static_library_ide/libmicroros/libmicroros.a(librmw_microxrcedds-rmw_service.c.obj)
                              ../micro_ros_stm32cubemx_utils/microros_static_library_ide/libmicroros/libmicroros.a(librmw_microxrcedds-rmw_node.c.obj) (rmw_destroy_service)
../micro_ros_stm32cubemx_utils/microros_static_library_ide/libmicroros/libmicroros.a(librmw_microxrcedds-rmw_subscription.c.obj)
                              ../micro_ros_stm32cubemx_utils/microros_static_library_ide/libmicroros/libmicroros.a(librmw_microxrcedds-rmw_node.c.obj) (rmw_destroy_subscription)
../micro_ros_stm32cubemx_utils/microros_static_library_ide/libmicroros/libmicroros.a(librmw_microxrcedds-rmw_uxrce_transports.c.obj)
                              ../micro_ros_stm32cubemx_utils/microros_static_library_ide/libmicroros/libmicroros.a(librmw_microxrcedds-rmw_init.c.obj) (rmw_uxrce_transport_init)
../micro_ros_stm32cubemx_utils/microros_static_library_ide/libmicroros/libmicroros.a(librmw_microxrcedds-types.c.obj)
                              ../micro_ros_stm32cubemx_utils/microros_static_library_ide/libmicroros/libmicroros.a(librmw_microxrcedds-rmw_init.c.obj) (rmw_uxrce_init_service_memory)
../micro_ros_stm32cubemx_utils/microros_static_library_ide/libmicroros/libmicroros.a(librmw_microxrcedds-utils.c.obj)
                              ../micro_ros_stm32cubemx_utils/microros_static_library_ide/libmicroros/libmicroros.a(librmw_microxrcedds-rmw_node.c.obj) (run_xrce_session)
../micro_ros_stm32cubemx_utils/microros_static_library_ide/libmicroros/libmicroros.a(librosidl_runtime_c-message_type_support.c.obj)
                              ../micro_ros_stm32cubemx_utils/microros_static_library_ide/libmicroros/libmicroros.a(librmw_microxrcedds-rmw_publisher.c.obj) (get_message_typesupport_handle)
../micro_ros_stm32cubemx_utils/microros_static_library_ide/libmicroros/libmicroros.a(librosidl_runtime_c-service_type_support.c.obj)
                              ../micro_ros_stm32cubemx_utils/microros_static_library_ide/libmicroros/libmicroros.a(librmw_microxrcedds-rmw_service.c.obj) (get_service_typesupport_handle)
[...]
Memory Configuration

Name             Origin             Length             Attributes
RAM              0x20000000         0x00020000         xrw
FLASH            0x08000000         0x00080000         xr
*default*        0x00000000         0xffffffff

Linker script and memory map

LOAD /opt/st/stm32cubeide_1.16.1/plugins/com.st.stm32cube.ide.mcu.externaltools.gnu-tools-for-stm32.12.3.rel1.linux64_1.0.200.202406132123/tools/bin/../lib/gcc/arm-none-eabi/12.3.1/thumb/v7e-m+fp/hard/crti.o
LOAD /opt/st/stm32cubeide_1.16.1/plugins/com.st.stm32cube.ide.mcu.externaltools.gnu-tools-for-stm32.12.3.rel1.linux64_1.0.200.202406132123/tools/bin/../lib/gcc/arm-none-eabi/12.3.1/thumb/v7e-m+fp/hard/crtbegin.o
LOAD /opt/st/stm32cubeide_1.16.1/plugins/com.st.stm32cube.ide.mcu.externaltools.gnu-tools-for-stm32.12.3.rel1.linux64_1.0.200.202406132123/tools/bin/../lib/gcc/arm-none-eabi/12.3.1/../../../../arm-none-eabi/lib/thumb/v7e-m+fp/hard/crt0.o
LOAD ./Core/Src/app_freertos.o
LOAD ./Core/Src/custom_memory_manager.o
LOAD ./Core/Src/dma.o
LOAD ./Core/Src/dma_transport.o
LOAD ./Core/Src/gpio.o
LOAD ./Core/Src/main.o
LOAD ./Core/Src/microros_allocators.o
LOAD ./Core/Src/microros_time.o
LOAD ./Core/Src/stm32g4xx_hal_msp.o
LOAD ./Core/Src/stm32g4xx_hal_timebase_tim.o
LOAD ./Core/Src/stm32g4xx_it.o
LOAD ./Core/Src/syscalls.o
LOAD ./Core/Src/sysmem.o
LOAD ./Core/Src/system_stm32g4xx.o
LOAD ./Core/Src/usart.o
LOAD ./Core/Startup/startup_stm32g474retx.o
LOAD ./Drivers/STM32G4xx_HAL_Driver/Src/stm32g4xx_hal.o
LOAD ./Drivers/STM32G4xx_HAL_Driver/Src/stm32g4xx_hal_cortex.o
LOAD ./Drivers/STM32G4xx_HAL_Driver/Src/stm32g4xx_hal_dma.o
LOAD ./Drivers/STM32G4xx_HAL_Driver/Src/stm32g4xx_hal_dma_ex.o
LOAD ./Drivers/STM32G4xx_HAL_Driver/Src/stm32g4xx_hal_exti.o
LOAD ./Drivers/STM32G4xx_HAL_Driver/Src/stm32g4xx_hal_flash.o
LOAD ./Drivers/STM32G4xx_HAL_Driver/Src/stm32g4xx_hal_flash_ex.o
LOAD ./Drivers/STM32G4xx_HAL_Driver/Src/stm32g4xx_hal_flash_ramfunc.o
LOAD ./Drivers/STM32G4xx_HAL_Driver/Src/stm32g4xx_hal_gpio.o
LOAD ./Drivers/STM32G4xx_HAL_Driver/Src/stm32g4xx_hal_pwr.o
LOAD ./Drivers/STM32G4xx_HAL_Driver/Src/stm32g4xx_hal_pwr_ex.o
LOAD ./Drivers/STM32G4xx_HAL_Driver/Src/stm32g4xx_hal_rcc.o
LOAD ./Drivers/STM32G4xx_HAL_Driver/Src/stm32g4xx_hal_rcc_ex.o
LOAD ./Drivers/STM32G4xx_HAL_Driver/Src/stm32g4xx_hal_tim.o
LOAD ./Drivers/STM32G4xx_HAL_Driver/Src/stm32g4xx_hal_tim_ex.o
LOAD ./Drivers/STM32G4xx_HAL_Driver/Src/stm32g4xx_hal_uart.o
LOAD ./Drivers/STM32G4xx_HAL_Driver/Src/stm32g4xx_hal_uart_ex.o
LOAD ./Middlewares/Third_Party/FreeRTOS/Source/CMSIS_RTOS_V2/cmsis_os2.o
LOAD ./Middlewares/Third_Party/FreeRTOS/Source/croutine.o
LOAD ./Middlewares/Third_Party/FreeRTOS/Source/event_groups.o
LOAD ./Middlewares/Third_Party/FreeRTOS/Source/list.o
LOAD ./Middlewares/Third_Party/FreeRTOS/Source/queue.o
LOAD ./Middlewares/Third_Party/FreeRTOS/Source/stream_buffer.o
LOAD ./Middlewares/Third_Party/FreeRTOS/Source/tasks.o
LOAD ./Middlewares/Third_Party/FreeRTOS/Source/timers.o
LOAD ./Middlewares/Third_Party/FreeRTOS/Source/portable/GCC/ARM_CM4F/port.o
LOAD ./Middlewares/Third_Party/FreeRTOS/Source/portable/MemMang/heap_4.o
LOAD ../micro_ros_stm32cubemx_utils/microros_static_library_ide/libmicroros/libmicroros.a
START GROUP
LOAD /opt/st/stm32cubeide_1.16.1/plugins/com.st.stm32cube.ide.mcu.externaltools.gnu-tools-for-stm32.12.3.rel1.linux64_1.0.200.202406132123/tools/bin/../lib/gcc/arm-none-eabi/12.3.1/../../../../arm-none-eabi/lib/thumb/v7e-m+fp/hard/libc_nano.a
LOAD /opt/st/stm32cubeide_1.16.1/plugins/com.st.stm32cube.ide.mcu.externaltools.gnu-tools-for-stm32.12.3.rel1.linux64_1.0.200.202406132123/tools/bin/../lib/gcc/arm-none-eabi/12.3.1/../../../../arm-none-eabi/lib/thumb/v7e-m+fp/hard/libm.a
END GROUP
START GROUP
LOAD /opt/st/stm32cubeide_1.16.1/plugins/com.st.stm32cube.ide.mcu.externaltools.gnu-tools-for-stm32.12.3.rel1.linux64_1.0.200.202406132123/tools/bin/../lib/gcc/arm-none-eabi/12.3.1/thumb/v7e-m+fp/hard/libgcc.a
LOAD /opt/st/stm32cubeide_1.16.1/plugins/com.st.stm32cube.ide.mcu.externaltools.gnu-tools-for-stm32.12.3.rel1.linux64_1.0.200.202406132123/tools/bin/../lib/gcc/arm-none-eabi/12.3.1/../../../../arm-none-eabi/lib/thumb/v7e-m+fp/hard/libc_nano.a
END GROUP
START GROUP
LOAD /opt/st/stm32cubeide_1.16.1/plugins/com.st.stm32cube.ide.mcu.externaltools.gnu-tools-for-stm32.12.3.rel1.linux64_1.0.200.202406132123/tools/bin/../lib/gcc/arm-none-eabi/12.3.1/thumb/v7e-m+fp/hard/libgcc.a
LOAD /opt/st/stm32cubeide_1.16.1/plugins/com.st.stm32cube.ide.mcu.externaltools.gnu-tools-for-stm32.12.3.rel1.linux64_1.0.200.202406132123/tools/bin/../lib/gcc/arm-none-eabi/12.3.1/../../../../arm-none-eabi/lib/thumb/v7e-m+fp/hard/libc_nano.a
LOAD /opt/st/stm32cubeide_1.16.1/plugins/com.st.stm32cube.ide.mcu.externaltools.gnu-tools-for-stm32.12.3.rel1.linux64_1.0.200.202406132123/tools/bin/../lib/gcc/arm-none-eabi/12.3.1/../../../../arm-none-eabi/lib/thumb/v7e-m+fp/hard/libnosys.a
END GROUP
START GROUP
LOAD /opt/st/stm32cubeide_1.16.1/plugins/com.st.stm32cube.ide.mcu.externaltools.gnu-tools-for-stm32.12.3.rel1.linux64_1.0.200.202406132123/tools/bin/../lib/gcc/arm-none-eabi/12.3.1/thumb/v7e-m+fp/hard/libgcc.a
LOAD /opt/st/stm32cubeide_1.16.1/plugins/com.st.stm32cube.ide.mcu.externaltools.gnu-tools-for-stm32.12.3.rel1.linux64_1.0.200.202406132123/tools/bin/../lib/gcc/arm-none-eabi/12.3.1/../../../../arm-none-eabi/lib/thumb/v7e-m+fp/hard/libc_nano.a
LOAD /opt/st/stm32cubeide_1.16.1/plugins/com.st.stm32cube.ide.mcu.externaltools.gnu-tools-for-stm32.12.3.rel1.linux64_1.0.200.202406132123/tools/bin/../lib/gcc/arm-none-eabi/12.3.1/../../../../arm-none-eabi/lib/thumb/v7e-m+fp/hard/libnosys.a
END GROUP
LOAD /opt/st/stm32cubeide_1.16.1/plugins/com.st.stm32cube.ide.mcu.externaltools.gnu-tools-for-stm32.12.3.rel1.linux64_1.0.200.202406132123/tools/bin/../lib/gcc/arm-none-eabi/12.3.1/thumb/v7e-m+fp/hard/crtend.o
LOAD /opt/st/stm32cubeide_1.16.1/plugins/com.st.stm32cube.ide.mcu.externaltools.gnu-tools-for-stm32.12.3.rel1.linux64_1.0.200.202406132123/tools/bin/../lib/gcc/arm-none-eabi/12.3.1/thumb/v7e-m+fp/hard/crtn.o
                0x20020000                        _estack = (ORIGIN (RAM) + LENGTH (RAM))
                0x00000200                        _Min_Heap_Size = 0x200
                0x00000400                        _Min_Stack_Size = 0x400

.isr_vector     0x08000000      0x1d8
                0x08000000                        . = ALIGN (0x4)
 *(.isr_vector)
 .isr_vector    0x08000000      0x1d8 ./Core/Startup/startup_stm32g474retx.o
                0x08000000                g_pfnVectors
                0x080001d8                        . = ALIGN (0x4)

.text           0x080001e0    0x10980
                0x080001e0                        . = ALIGN (0x4)
 *(.text)
 .text          0x080001e0       0x40 /opt/st/stm32cubeide_1.16.1/plugins/com.st.stm32cube.ide.mcu.externaltools.gnu-tools-for-stm32.12.3.rel1.linux64_1.0.200.202406132123/tools/bin/../lib/gcc/arm-none-eabi/12.3.1/thumb/v7e-m+fp/hard/crtbegin.o
 .text          0x08000220       0x14 /opt/st/stm32cubeide_1.16.1/plugins/com.st.stm32cube.ide.mcu.externaltools.gnu-tools-for-stm32.12.3.rel1.linux64_1.0.200.202406132123/tools/bin/../lib/gcc/arm-none-eabi/12.3.1/../../../../arm-none-eabi/lib/thumb/v7e-m+fp/hard/libc_nano.a(libc_a-strcmp.o)
                0x08000220                strcmp
 .text          0x08000234       0x10 /opt/st/stm32cubeide_1.16.1/plugins/com.st.stm32cube.ide.mcu.externaltools.gnu-tools-for-stm32.12.3.rel1.linux64_1.0.200.202406132123/tools/bin/../lib/gcc/arm-none-eabi/12.3.1/../../../../arm-none-eabi/lib/thumb/v7e-m+fp/hard/libc_nano.a(libc_a-strlen.o)
                0x08000234                strlen
 *fill*         0x08000244        0xc 
 .text          0x08000250       0xa0 /opt/st/stm32cubeide_1.16.1/plugins/com.st.stm32cube.ide.mcu.externaltools.gnu-tools-for-stm32.12.3.rel1.linux64_1.0.200.202406132123/tools/bin/../lib/gcc/arm-none-eabi/12.3.1/../../../../arm-none-eabi/lib/thumb/v7e-m+fp/hard/libc_nano.a(libc_a-memchr.o)
                0x08000250                memchr
 .text          0x080002f0       0xa0 /opt/st/stm32cubeide_1.16.1/plugins/com.st.stm32cube.ide.mcu.externaltools.gnu-tools-for-stm32.12.3.rel1.linux64_1.0.200.202406132123/tools/bin/../lib/gcc/arm-none-eabi/12.3.1/thumb/v7e-m+fp/hard/libgcc.a(_aeabi_ldivmod.o)
                0x080002f0                __aeabi_ldivmod
 .text          0x08000390       0x30 /opt/st/stm32cubeide_1.16.1/plugins/com.st.stm32cube.ide.mcu.externaltools.gnu-tools-for-stm32.12.3.rel1.linux64_1.0.200.202406132123/tools/bin/../lib/gcc/arm-none-eabi/12.3.1/thumb/v7e-m+fp/hard/libgcc.a(_aeabi_uldivmod.o)
                0x08000390                __aeabi_uldivmod
 .text          0x080003c0      0x2bc /opt/st/stm32cubeide_1.16.1/plugins/com.st.stm32cube.ide.mcu.externaltools.gnu-tools-for-stm32.12.3.rel1.linux64_1.0.200.202406132123/tools/bin/../lib/gcc/arm-none-eabi/12.3.1/thumb/v7e-m+fp/hard/libgcc.a(_udivmoddi4.o)
                0x080003c0                __udivmoddi4
 .text          0x0800067c        0x4 /opt/st/stm32cubeide_1.16.1/plugins/com.st.stm32cube.ide.mcu.externaltools.gnu-tools-for-stm32.12.3.rel1.linux64_1.0.200.202406132123/tools/bin/../lib/gcc/arm-none-eabi/12.3.1/thumb/v7e-m+fp/hard/libgcc.a(_dvmd_tls.o)
                0x0800067c                __aeabi_ldiv0
                0x0800067c                __aeabi_idiv0
 *(.text*)
 .text.MX_FREERTOS_Init
                0x08000680       0x24 ./Core/Src/app_freertos.o
                0x08000680                MX_FREERTOS_Init
 .text.pvPortMallocMicroROS
                0x080006a4      0x190 ./Core/Src/custom_memory_manager.o
                0x080006a4                pvPortMallocMicroROS
 .text.vPortFreeMicroROS
                0x08000834       0xb8 ./Core/Src/custom_memory_manager.o
                0x08000834                vPortFreeMicroROS
 .text.getBlockSize
                0x080008ec       0x3c ./Core/Src/custom_memory_manager.o
                0x080008ec                getBlockSize
 .text.pvPortReallocMicroROS
                0x08000928       0x5a ./Core/Src/custom_memory_manager.o
                0x08000928                pvPortReallocMicroROS
 .text.pvPortCallocMicroROS
                0x08000982       0x48 ./Core/Src/custom_memory_manager.o
                0x08000982                pvPortCallocMicroROS
 *fill*         0x080009ca        0x2 
 .text.prvHeapInit
                0x080009cc       0xc4 ./Core/Src/custom_memory_manager.o
 .text.prvInsertBlockIntoFreeList
                0x08000a90       0xb4 ./Core/Src/custom_memory_manager.o
 .text.MX_DMA_Init
                0x08000b44       0x64 ./Core/Src/dma.o
                0x08000b44                MX_DMA_Init
 .text.cubemx_transport_open
                0x08000ba8       0x2c ./Core/Src/dma_transport.o
                0x08000ba8                cubemx_transport_open
 .text.cubemx_transport_close
                0x08000bd4       0x20 ./Core/Src/dma_transport.o
                0x08000bd4                cubemx_transport_close
 .text.cubemx_transport_write
                0x08000bf4       0x62 ./Core/Src/dma_transport.o
                0x08000bf4                cubemx_transport_write
 *fill*         0x08000c56        0x2 
 .text.cubemx_transport_read
                0x08000c58       0xa8 ./Core/Src/dma_transport.o
                0x08000c58                cubemx_transport_read
 .text.MX_GPIO_Init
                0x08000d00       0xdc ./Core/Src/gpio.o
                0x08000d00                MX_GPIO_Init
 .text.StartDefaultTask
                0x08000ddc       0xf8 ./Core/Src/main.o
                0x08000ddc                StartDefaultTask
 .text.main     0x08000ed4       0x28 ./Core/Src/main.o
                0x08000ed4                main
 .text.SystemClock_Config
                0x08000efc       0x96 ./Core/Src/main.o
                0x08000efc                SystemClock_Config
 *fill*         0x08000f92        0x2 
 .text.HAL_TIM_PeriodElapsedCallback
                0x08000f94       0x24 ./Core/Src/main.o
                0x08000f94                HAL_TIM_PeriodElapsedCallback
 .text.Error_Handler
                0x08000fb8        0xc ./Core/Src/main.o
                0x08000fb8                Error_Handler
 .text.microros_allocate
                0x08000fc4       0x44 ./Core/Src/microros_allocators.o
                0x08000fc4                microros_allocate
 .text.microros_deallocate
                0x08001008       0x38 ./Core/Src/microros_allocators.o
                0x08001008                microros_deallocate
 .text.microros_reallocate
                0x08001040       0x6c ./Core/Src/microros_allocators.o
                0x08001040                microros_reallocate
 .text.microros_zero_allocate
                0x080010ac       0x50 ./Core/Src/microros_allocators.o
                0x080010ac                microros_zero_allocate
 *fill*         0x080010fc        0x4 
 .text.UTILS_NanosecondsToTimespec
                0x08001100       0xa0 ./Core/Src/microros_time.o
                0x08001100                UTILS_NanosecondsToTimespec
 .text.clock_gettime
                0x080011a0       0xee ./Core/Src/microros_time.o
                0x080011a0                clock_gettime
 *fill*         0x0800128e        0x2 
 .text.HAL_MspInit
                0x08001290       0x54 ./Core/Src/stm32g4xx_hal_msp.o
                0x08001290                HAL_MspInit
 .text.HAL_InitTick
                0x080012e4       0xd8 ./Core/Src/stm32g4xx_hal_timebase_tim.o
                0x080012e4                HAL_InitTick
 .text.NMI_Handler
                0x080013bc        0x8 ./Core/Src/stm32g4xx_it.o
                0x080013bc                NMI_Handler
 .text.HardFault_Handler
                0x080013c4        0x8 ./Core/Src/stm32g4xx_it.o
                0x080013c4                HardFault_Handler
 .text.MemManage_Handler
                0x080013cc        0x8 ./Core/Src/stm32g4xx_it.o
                0x080013cc                MemManage_Handler
 .text.BusFault_Handler
                0x080013d4        0x8 ./Core/Src/stm32g4xx_it.o
                0x080013d4                BusFault_Handler
 .text.UsageFault_Handler
                0x080013dc        0x8 ./Core/Src/stm32g4xx_it.o
                0x080013dc                UsageFault_Handler
 .text.DebugMon_Handler
                0x080013e4        0xe ./Core/Src/stm32g4xx_it.o
                0x080013e4                DebugMon_Handler
 *fill*         0x080013f2        0x2 
 .text.DMA1_Channel1_IRQHandler
                0x080013f4       0x14 ./Core/Src/stm32g4xx_it.o
                0x080013f4                DMA1_Channel1_IRQHandler
 .text.DMA1_Channel2_IRQHandler
                0x08001408       0x14 ./Core/Src/stm32g4xx_it.o
                0x08001408                DMA1_Channel2_IRQHandler
 .text.TIM1_UP_TIM16_IRQHandler
                0x0800141c       0x14 ./Core/Src/stm32g4xx_it.o
                0x0800141c                TIM1_UP_TIM16_IRQHandler
 .text.EXTI15_10_IRQHandler
                0x08001430       0x10 ./Core/Src/stm32g4xx_it.o
                0x08001430                EXTI15_10_IRQHandler
 .text.LPUART1_IRQHandler
                0x08001440       0x14 ./Core/Src/stm32g4xx_it.o
                0x08001440                LPUART1_IRQHandler
 .text._getpid  0x08001454       0x10 ./Core/Src/syscalls.o
                0x08001454                _getpid
 .text._kill    0x08001464       0x20 ./Core/Src/syscalls.o
                0x08001464                _kill
 .text._exit    0x08001484       0x16 ./Core/Src/syscalls.o
                0x08001484                _exit
 .text._read    0x0800149a       0x3a ./Core/Src/syscalls.o
                0x0800149a                _read
 .text._write   0x080014d4       0x38 ./Core/Src/syscalls.o
                0x080014d4                _write
 .text._close   0x0800150c       0x18 ./Core/Src/syscalls.o
                0x0800150c                _close
 .text._fstat   0x08001524       0x20 ./Core/Src/syscalls.o
                0x08001524                _fstat
 .text._isatty  0x08001544       0x16 ./Core/Src/syscalls.o
                0x08001544                _isatty
 .text._lseek   0x0800155a       0x1a ./Core/Src/syscalls.o
                0x0800155a                _lseek
 .text._sbrk    0x08001574       0x6c ./Core/Src/sysmem.o
                0x08001574                _sbrk
 .text.SystemInit
                0x080015e0       0x24 ./Core/Src/system_stm32g4xx.o
                0x080015e0                SystemInit
 .text.MX_LPUART1_UART_Init
                0x08001604       0x94 ./Core/Src/usart.o
                0x08001604                MX_LPUART1_UART_Init
 .text.HAL_UART_MspInit
                0x08001698      0x17c ./Core/Src/usart.o
                0x08001698                HAL_UART_MspInit
 .text.Reset_Handler
                0x08001814       0x50 ./Core/Startup/startup_stm32g474retx.o
                0x08001814                Reset_Handler
 .text.Default_Handler
                0x08001864        0x2 ./Core/Startup/startup_stm32g474retx.o
                0x08001864                RTC_Alarm_IRQHandler
                0x08001864                EXTI2_IRQHandler
                0x08001864                TIM8_TRG_COM_IRQHandler
                0x08001864                TIM8_CC_IRQHandler
                0x08001864                HRTIM1_Master_IRQHandler
                0x08001864                SPI4_IRQHandler
                0x08001864                FDCAN3_IT0_IRQHandler
                0x08001864                TIM1_CC_IRQHandler
                0x08001864                HRTIM1_FLT_IRQHandler
                0x08001864                HRTIM1_TIMF_IRQHandler
                0x08001864                USB_HP_IRQHandler
                0x08001864                CORDIC_IRQHandler
                0x08001864                HRTIM1_TIMD_IRQHandler
                0x08001864                DMA2_Channel8_IRQHandler
                0x08001864                EXTI3_IRQHandler
                0x08001864                I2C3_ER_IRQHandler
                0x08001864                EXTI0_IRQHandler
                0x08001864                I2C2_EV_IRQHandler
                0x08001864                FPU_IRQHandler
                0x08001864                FDCAN1_IT1_IRQHandler
                0x08001864                ADC1_2_IRQHandler
                0x08001864                HRTIM1_TIME_IRQHandler
                0x08001864                SPI1_IRQHandler
                0x08001864                TIM6_DAC_IRQHandler
                0x08001864                HRTIM1_TIMC_IRQHandler
                0x08001864                TIM8_UP_IRQHandler
                0x08001864                DMA2_Channel2_IRQHandler
                0x08001864                DMA1_Channel4_IRQHandler
                0x08001864                TIM20_TRG_COM_IRQHandler
                0x08001864                USART3_IRQHandler
                0x08001864                DMA1_Channel7_IRQHandler
                0x08001864                UART5_IRQHandler
                0x08001864                ADC3_IRQHandler
                0x08001864                TIM4_IRQHandler
                0x08001864                DMA2_Channel1_IRQHandler
                0x08001864                QUADSPI_IRQHandler
                0x08001864                I2C1_EV_IRQHandler
                0x08001864                DMA1_Channel6_IRQHandler
                0x08001864                UART4_IRQHandler
                0x08001864                DMA2_Channel4_IRQHandler
                0x08001864                TIM3_IRQHandler
                0x08001864                RCC_IRQHandler
                0x08001864                TIM20_UP_IRQHandler
                0x08001864                Default_Handler
                0x08001864                DMA2_Channel7_IRQHandler
                0x08001864                RTC_TAMP_LSECSS_IRQHandler
                0x08001864                FMAC_IRQHandler
                0x08001864                DMA1_Channel8_IRQHandler
                0x08001864                HRTIM1_TIMA_IRQHandler
                0x08001864                TIM7_DAC_IRQHandler
                0x08001864                FDCAN3_IT1_IRQHandler
                0x08001864                TIM5_IRQHandler
                0x08001864                UCPD1_IRQHandler
                0x08001864                I2C3_EV_IRQHandler
                0x08001864                EXTI9_5_IRQHandler
                0x08001864                RTC_WKUP_IRQHandler
                0x08001864                PVD_PVM_IRQHandler
                0x08001864                SPI2_IRQHandler
                0x08001864                ADC5_IRQHandler
                0x08001864                DMA2_Channel5_IRQHandler
                0x08001864                CRS_IRQHandler
                0x08001864                DMA1_Channel5_IRQHandler
                0x08001864                USB_LP_IRQHandler
                0x08001864                EXTI4_IRQHandler
                0x08001864                RNG_IRQHandler
                0x08001864                HRTIM1_TIMB_IRQHandler
                0x08001864                TIM1_TRG_COM_TIM17_IRQHandler
                0x08001864                FDCAN2_IT1_IRQHandler
                0x08001864                DMA1_Channel3_IRQHandler
                0x08001864                ADC4_IRQHandler
                0x08001864                WWDG_IRQHandler
                0x08001864                I2C4_EV_IRQHandler
                0x08001864                FDCAN2_IT0_IRQHandler
                0x08001864                DMA2_Channel6_IRQHandler
                0x08001864                FDCAN1_IT0_IRQHandler
                0x08001864                TIM2_IRQHandler
                0x08001864                COMP7_IRQHandler
                0x08001864                COMP1_2_3_IRQHandler
                0x08001864                EXTI1_IRQHandler
                0x08001864                USART2_IRQHandler
                0x08001864                COMP4_5_6_IRQHandler
                0x08001864                TIM20_BRK_IRQHandler
                0x08001864                I2C2_ER_IRQHandler
                0x08001864                TIM8_BRK_IRQHandler
                0x08001864                FLASH_IRQHandler
                0x08001864                TIM20_CC_IRQHandler
                0x08001864                USART1_IRQHandler
                0x08001864                SPI3_IRQHandler
                0x08001864                I2C1_ER_IRQHandler
                0x08001864                FMC_IRQHandler
                0x08001864                LPTIM1_IRQHandler
                0x08001864                DMAMUX_OVR_IRQHandler
                0x08001864                I2C4_ER_IRQHandler
                0x08001864                USBWakeUp_IRQHandler
                0x08001864                SAI1_IRQHandler
                0x08001864                DMA2_Channel3_IRQHandler
                0x08001864                TIM1_BRK_TIM15_IRQHandler
 .text.HAL_Init
                0x08001866       0x30 ./Drivers/STM32G4xx_HAL_Driver/Src/stm32g4xx_hal.o
                0x08001866                HAL_Init
 *fill*         0x08001896        0x2 
 .text.HAL_IncTick
                0x08001898       0x24 ./Drivers/STM32G4xx_HAL_Driver/Src/stm32g4xx_hal.o
                0x08001898                HAL_IncTick
 .text.HAL_GetTick
                0x080018bc       0x18 ./Drivers/STM32G4xx_HAL_Driver/Src/stm32g4xx_hal.o
                0x080018bc                HAL_GetTick
 .text.__NVIC_SetPriorityGrouping
                0x080018d4       0x48 ./Drivers/STM32G4xx_HAL_Driver/Src/stm32g4xx_hal_cortex.o
 .text.__NVIC_GetPriorityGrouping
                0x0800191c       0x1c ./Drivers/STM32G4xx_HAL_Driver/Src/stm32g4xx_hal_cortex.o
 .text.__NVIC_EnableIRQ
                0x08001938       0x3c ./Drivers/STM32G4xx_HAL_Driver/Src/stm32g4xx_hal_cortex.o
 .text.__NVIC_SetPriority
                0x08001974       0x54 ./Drivers/STM32G4xx_HAL_Driver/Src/stm32g4xx_hal_cortex.o
 .text.NVIC_EncodePriority
                0x080019c8       0x66 ./Drivers/STM32G4xx_HAL_Driver/Src/stm32g4xx_hal_cortex.o
 .text.HAL_NVIC_SetPriorityGrouping
                0x08001a2e       0x16 ./Drivers/STM32G4xx_HAL_Driver/Src/stm32g4xx_hal_cortex.o
                0x08001a2e                HAL_NVIC_SetPriorityGrouping
 .text.HAL_NVIC_SetPriority
                0x08001a44       0x34 ./Drivers/STM32G4xx_HAL_Driver/Src/stm32g4xx_hal_cortex.o
                0x08001a44                HAL_NVIC_SetPriority
 .text.HAL_NVIC_EnableIRQ
                0x08001a78       0x1c ./Drivers/STM32G4xx_HAL_Driver/Src/stm32g4xx_hal_cortex.o
                0x08001a78                HAL_NVIC_EnableIRQ
 .text.HAL_DMA_Init
                0x08001a94      0x150 ./Drivers/STM32G4xx_HAL_Driver/Src/stm32g4xx_hal_dma.o
                0x08001a94                HAL_DMA_Init
 .text.HAL_DMA_Start_IT
                0x08001be4       0xf6 ./Drivers/STM32G4xx_HAL_Driver/Src/stm32g4xx_hal_dma.o
                0x08001be4                HAL_DMA_Start_IT
 .text.HAL_DMA_Abort
                0x08001cda       0xb2 ./Drivers/STM32G4xx_HAL_Driver/Src/stm32g4xx_hal_dma.o
                0x08001cda                HAL_DMA_Abort
 .text.HAL_DMA_Abort_IT
                0x08001d8c       0xce ./Drivers/STM32G4xx_HAL_Driver/Src/stm32g4xx_hal_dma.o
                0x08001d8c                HAL_DMA_Abort_IT
 .text.HAL_DMA_IRQHandler
                0x08001e5a      0x15e ./Drivers/STM32G4xx_HAL_Driver/Src/stm32g4xx_hal_dma.o
                0x08001e5a                HAL_DMA_IRQHandler
 .text.HAL_DMA_GetError
                0x08001fb8       0x18 ./Drivers/STM32G4xx_HAL_Driver/Src/stm32g4xx_hal_dma.o
                0x08001fb8                HAL_DMA_GetError
 .text.DMA_SetConfig
                0x08001fd0       0x7c ./Drivers/STM32G4xx_HAL_Driver/Src/stm32g4xx_hal_dma.o
 .text.DMA_CalcDMAMUXChannelBaseAndMask
                0x0800204c       0x7c ./Drivers/STM32G4xx_HAL_Driver/Src/stm32g4xx_hal_dma.o
 .text.DMA_CalcDMAMUXRequestGenBaseAndMask
                0x080020c8       0x48 ./Drivers/STM32G4xx_HAL_Driver/Src/stm32g4xx_hal_dma.o
 .text.HAL_GPIO_Init
                0x08002110      0x304 ./Drivers/STM32G4xx_HAL_Driver/Src/stm32g4xx_hal_gpio.o
                0x08002110                HAL_GPIO_Init
 .text.HAL_GPIO_WritePin
                0x08002414       0x30 ./Drivers/STM32G4xx_HAL_Driver/Src/stm32g4xx_hal_gpio.o
                0x08002414                HAL_GPIO_WritePin
 .text.HAL_GPIO_EXTI_IRQHandler
                0x08002444       0x30 ./Drivers/STM32G4xx_HAL_Driver/Src/stm32g4xx_hal_gpio.o
                0x08002444                HAL_GPIO_EXTI_IRQHandler
 .text.HAL_GPIO_EXTI_Callback
                0x08002474       0x16 ./Drivers/STM32G4xx_HAL_Driver/Src/stm32g4xx_hal_gpio.o
                0x08002474                HAL_GPIO_EXTI_Callback
 *fill*         0x0800248a        0x2 
 .text.HAL_PWREx_ControlVoltageScaling
                0x0800248c      0x148 ./Drivers/STM32G4xx_HAL_Driver/Src/stm32g4xx_hal_pwr_ex.o
                0x0800248c                HAL_PWREx_ControlVoltageScaling
 .text.HAL_PWREx_DisableUCPDDeadBattery
                0x080025d4       0x20 ./Drivers/STM32G4xx_HAL_Driver/Src/stm32g4xx_hal_pwr_ex.o
                0x080025d4                HAL_PWREx_DisableUCPDDeadBattery
 .text.HAL_RCC_OscConfig
                0x080025f4      0x624 ./Drivers/STM32G4xx_HAL_Driver/Src/stm32g4xx_hal_rcc.o
                0x080025f4                HAL_RCC_OscConfig
 .text.HAL_RCC_ClockConfig
                0x08002c18      0x278 ./Drivers/STM32G4xx_HAL_Driver/Src/stm32g4xx_hal_rcc.o
                0x08002c18                HAL_RCC_ClockConfig
 .text.HAL_RCC_GetSysClockFreq
                0x08002e90       0xc4 ./Drivers/STM32G4xx_HAL_Driver/Src/stm32g4xx_hal_rcc.o
                0x08002e90                HAL_RCC_GetSysClockFreq
 .text.HAL_RCC_GetHCLKFreq
                0x08002f54       0x18 ./Drivers/STM32G4xx_HAL_Driver/Src/stm32g4xx_hal_rcc.o
                0x08002f54                HAL_RCC_GetHCLKFreq
 .text.HAL_RCC_GetPCLK1Freq
                0x08002f6c       0x2c ./Drivers/STM32G4xx_HAL_Driver/Src/stm32g4xx_hal_rcc.o
                0x08002f6c                HAL_RCC_GetPCLK1Freq
 .text.HAL_RCC_GetPCLK2Freq
                0x08002f98       0x2c ./Drivers/STM32G4xx_HAL_Driver/Src/stm32g4xx_hal_rcc.o
                0x08002f98                HAL_RCC_GetPCLK2Freq
 .text.HAL_RCC_GetClockConfig
                0x08002fc4       0x64 ./Drivers/STM32G4xx_HAL_Driver/Src/stm32g4xx_hal_rcc.o
                0x08002fc4                HAL_RCC_GetClockConfig
 .text.RCC_GetSysClockFreqFromPLLSource
                0x08003028       0x8c ./Drivers/STM32G4xx_HAL_Driver/Src/stm32g4xx_hal_rcc.o
 .text.HAL_RCCEx_PeriphCLKConfig
                0x080030b4      0x49c ./Drivers/STM32G4xx_HAL_Driver/Src/stm32g4xx_hal_rcc_ex.o
                0x080030b4                HAL_RCCEx_PeriphCLKConfig
 .text.HAL_TIM_Base_Init
                0x08003550       0xae ./Drivers/STM32G4xx_HAL_Driver/Src/stm32g4xx_hal_tim.o
                0x08003550                HAL_TIM_Base_Init
 .text.HAL_TIM_Base_MspInit
                0x080035fe       0x14 ./Drivers/STM32G4xx_HAL_Driver/Src/stm32g4xx_hal_tim.o
                0x080035fe                HAL_TIM_Base_MspInit
 *fill*         0x08003612        0x2 
 .text.HAL_TIM_Base_Start_IT
                0x08003614       0xf0 ./Drivers/STM32G4xx_HAL_Driver/Src/stm32g4xx_hal_tim.o
                0x08003614                HAL_TIM_Base_Start_IT
 .text.HAL_TIM_IRQHandler
                0x08003704      0x29e ./Drivers/STM32G4xx_HAL_Driver/Src/stm32g4xx_hal_tim.o
                0x08003704                HAL_TIM_IRQHandler
 .text.HAL_TIM_OC_DelayElapsedCallback
                0x080039a2       0x14 ./Drivers/STM32G4xx_HAL_Driver/Src/stm32g4xx_hal_tim.o
                0x080039a2                HAL_TIM_OC_DelayElapsedCallback
 .text.HAL_TIM_IC_CaptureCallback
                0x080039b6       0x14 ./Drivers/STM32G4xx_HAL_Driver/Src/stm32g4xx_hal_tim.o
                0x080039b6                HAL_TIM_IC_CaptureCallback
 .text.HAL_TIM_PWM_PulseFinishedCallback
                0x080039ca       0x14 ./Drivers/STM32G4xx_HAL_Driver/Src/stm32g4xx_hal_tim.o
                0x080039ca                HAL_TIM_PWM_PulseFinishedCallback
 .text.HAL_TIM_TriggerCallback
                0x080039de       0x14 ./Drivers/STM32G4xx_HAL_Driver/Src/stm32g4xx_hal_tim.o
                0x080039de                HAL_TIM_TriggerCallback
 *fill*         0x080039f2        0x2 
 .text.TIM_Base_SetConfig
                0x080039f4      0x168 ./Drivers/STM32G4xx_HAL_Driver/Src/stm32g4xx_hal_tim.o
                0x080039f4                TIM_Base_SetConfig
 .text.HAL_TIMEx_CommutCallback
                0x08003b5c       0x14 ./Drivers/STM32G4xx_HAL_Driver/Src/stm32g4xx_hal_tim_ex.o
                0x08003b5c                HAL_TIMEx_CommutCallback
 .text.HAL_TIMEx_BreakCallback
                0x08003b70       0x14 ./Drivers/STM32G4xx_HAL_Driver/Src/stm32g4xx_hal_tim_ex.o
                0x08003b70                HAL_TIMEx_BreakCallback
 .text.HAL_TIMEx_Break2Callback
                0x08003b84       0x14 ./Drivers/STM32G4xx_HAL_Driver/Src/stm32g4xx_hal_tim_ex.o
                0x08003b84                HAL_TIMEx_Break2Callback
 .text.HAL_TIMEx_EncoderIndexCallback
                0x08003b98       0x14 ./Drivers/STM32G4xx_HAL_Driver/Src/stm32g4xx_hal_tim_ex.o
                0x08003b98                HAL_TIMEx_EncoderIndexCallback
 .text.HAL_TIMEx_DirectionChangeCallback
                0x08003bac       0x14 ./Drivers/STM32G4xx_HAL_Driver/Src/stm32g4xx_hal_tim_ex.o
                0x08003bac                HAL_TIMEx_DirectionChangeCallback
 .text.HAL_TIMEx_IndexErrorCallback
                0x08003bc0       0x14 ./Drivers/STM32G4xx_HAL_Driver/Src/stm32g4xx_hal_tim_ex.o
                0x08003bc0                HAL_TIMEx_IndexErrorCallback
 .text.HAL_TIMEx_TransitionErrorCallback
                0x08003bd4       0x14 ./Drivers/STM32G4xx_HAL_Driver/Src/stm32g4xx_hal_tim_ex.o
                0x08003bd4                HAL_TIMEx_TransitionErrorCallback
 .text.HAL_UART_Init
                0x08003be8       0xa0 ./Drivers/STM32G4xx_HAL_Driver/Src/stm32g4xx_hal_uart.o
                0x08003be8                HAL_UART_Init
 .text.HAL_UART_Transmit_DMA
                0x08003c88      0x100 ./Drivers/STM32G4xx_HAL_Driver/Src/stm32g4xx_hal_uart.o
                0x08003c88                HAL_UART_Transmit_DMA
 .text.HAL_UART_Receive_DMA
                0x08003d88       0x98 ./Drivers/STM32G4xx_HAL_Driver/Src/stm32g4xx_hal_uart.o
                0x08003d88                HAL_UART_Receive_DMA
 .text.HAL_UART_DMAStop
                0x08003e20      0x12c ./Drivers/STM32G4xx_HAL_Driver/Src/stm32g4xx_hal_uart.o
                0x08003e20                HAL_UART_DMAStop
 .text.HAL_UART_IRQHandler
                0x08003f4c      0x684 ./Drivers/STM32G4xx_HAL_Driver/Src/stm32g4xx_hal_uart.o
                0x08003f4c                HAL_UART_IRQHandler
 .text.HAL_UART_TxCpltCallback
                0x080045d0       0x14 ./Drivers/STM32G4xx_HAL_Driver/Src/stm32g4xx_hal_uart.o
                0x080045d0                HAL_UART_TxCpltCallback
 .text.HAL_UART_TxHalfCpltCallback
                0x080045e4       0x14 ./Drivers/STM32G4xx_HAL_Driver/Src/stm32g4xx_hal_uart.o
                0x080045e4                HAL_UART_TxHalfCpltCallback
 .text.HAL_UART_RxCpltCallback
                0x080045f8       0x14 ./Drivers/STM32G4xx_HAL_Driver/Src/stm32g4xx_hal_uart.o
                0x080045f8                HAL_UART_RxCpltCallback
 .text.HAL_UART_RxHalfCpltCallback
                0x0800460c       0x14 ./Drivers/STM32G4xx_HAL_Driver/Src/stm32g4xx_hal_uart.o
                0x0800460c                HAL_UART_RxHalfCpltCallback
 .text.HAL_UART_ErrorCallback
                0x08004620       0x14 ./Drivers/STM32G4xx_HAL_Driver/Src/stm32g4xx_hal_uart.o
                0x08004620                HAL_UART_ErrorCallback
 .text.HAL_UARTEx_RxEventCallback
                0x08004634       0x18 ./Drivers/STM32G4xx_HAL_Driver/Src/stm32g4xx_hal_uart.o
                0x08004634                HAL_UARTEx_RxEventCallback
 .text.UART_SetConfig
                0x0800464c      0x5f8 ./Drivers/STM32G4xx_HAL_Driver/Src/stm32g4xx_hal_uart.o
                0x0800464c                UART_SetConfig
 .text.UART_AdvFeatureConfig
                0x08004c44      0x144 ./Drivers/STM32G4xx_HAL_Driver/Src/stm32g4xx_hal_uart.o
                0x08004c44                UART_AdvFeatureConfig
 .text.UART_CheckIdleState
                0x08004d88      0x154 ./Drivers/STM32G4xx_HAL_Driver/Src/stm32g4xx_hal_uart.o
                0x08004d88                UART_CheckIdleState
 .text.UART_WaitOnFlagUntilTimeout
                0x08004edc       0xda ./Drivers/STM32G4xx_HAL_Driver/Src/stm32g4xx_hal_uart.o
                0x08004edc                UART_WaitOnFlagUntilTimeout
 *fill*         0x08004fb6        0x2 
 .text.UART_Start_Receive_DMA
                0x08004fb8      0x14c ./Drivers/STM32G4xx_HAL_Driver/Src/stm32g4xx_hal_uart.o
                0x08004fb8                UART_Start_Receive_DMA
 .text.UART_EndTxTransfer
                0x08005104       0x82 ./Drivers/STM32G4xx_HAL_Driver/Src/stm32g4xx_hal_uart.o
 .text.UART_EndRxTransfer
                0x08005186       0xcc ./Drivers/STM32G4xx_HAL_Driver/Src/stm32g4xx_hal_uart.o
 .text.UART_DMATransmitCplt
                0x08005252       0x9a ./Drivers/STM32G4xx_HAL_Driver/Src/stm32g4xx_hal_uart.o
 .text.UART_DMATxHalfCplt
                0x080052ec       0x1c ./Drivers/STM32G4xx_HAL_Driver/Src/stm32g4xx_hal_uart.o
 .text.UART_DMAReceiveCplt
                0x08005308      0x12c ./Drivers/STM32G4xx_HAL_Driver/Src/stm32g4xx_hal_uart.o
 .text.UART_DMARxHalfCplt
                0x08005434       0x3e ./Drivers/STM32G4xx_HAL_Driver/Src/stm32g4xx_hal_uart.o
 .text.UART_DMAError
                0x08005472       0x80 ./Drivers/STM32G4xx_HAL_Driver/Src/stm32g4xx_hal_uart.o
 .text.UART_DMAAbortOnError
                0x080054f2       0x24 ./Drivers/STM32G4xx_HAL_Driver/Src/stm32g4xx_hal_uart.o
 .text.UART_EndTransmit_IT
                0x08005516       0x56 ./Drivers/STM32G4xx_HAL_Driver/Src/stm32g4xx_hal_uart.o
 .text.HAL_UARTEx_WakeupCallback
                0x0800556c       0x14 ./Drivers/STM32G4xx_HAL_Driver/Src/stm32g4xx_hal_uart_ex.o
                0x0800556c                HAL_UARTEx_WakeupCallback
 .text.HAL_UARTEx_RxFifoFullCallback
                0x08005580       0x14 ./Drivers/STM32G4xx_HAL_Driver/Src/stm32g4xx_hal_uart_ex.o
                0x08005580                HAL_UARTEx_RxFifoFullCallback
 .text.HAL_UARTEx_TxFifoEmptyCallback
                0x08005594       0x14 ./Drivers/STM32G4xx_HAL_Driver/Src/stm32g4xx_hal_uart_ex.o
                0x08005594                HAL_UARTEx_TxFifoEmptyCallback
 .text.HAL_UARTEx_DisableFifoMode
                0x080055a8       0x72 ./Drivers/STM32G4xx_HAL_Driver/Src/stm32g4xx_hal_uart_ex.o
                0x080055a8                HAL_UARTEx_DisableFifoMode
 .text.HAL_UARTEx_SetTxFifoThreshold
                0x0800561a       0x7c ./Drivers/STM32G4xx_HAL_Driver/Src/stm32g4xx_hal_uart_ex.o
                0x0800561a                HAL_UARTEx_SetTxFifoThreshold
 .text.HAL_UARTEx_SetRxFifoThreshold
                0x08005696       0x7c ./Drivers/STM32G4xx_HAL_Driver/Src/stm32g4xx_hal_uart_ex.o
                0x08005696                HAL_UARTEx_SetRxFifoThreshold
 *fill*         0x08005712        0x2 
 .text.UARTEx_SetNbDataToProcess
                0x08005714       0x9c ./Drivers/STM32G4xx_HAL_Driver/Src/stm32g4xx_hal_uart_ex.o
 .text.__NVIC_SetPriority
                0x080057b0       0x54 ./Middlewares/Third_Party/FreeRTOS/Source/CMSIS_RTOS_V2/cmsis_os2.o
 .text.SysTick_Handler
                0x08005804       0x20 ./Middlewares/Third_Party/FreeRTOS/Source/CMSIS_RTOS_V2/cmsis_os2.o
                0x08005804                SysTick_Handler
 .text.SVC_Setup
                0x08005824       0x12 ./Middlewares/Third_Party/FreeRTOS/Source/CMSIS_RTOS_V2/cmsis_os2.o
 *fill*         0x08005836        0x2 
 .text.osKernelInitialize
                0x08005838       0x48 ./Middlewares/Third_Party/FreeRTOS/Source/CMSIS_RTOS_V2/cmsis_os2.o
                0x08005838                osKernelInitialize
 .text.osKernelStart
                0x08005880       0x4c ./Middlewares/Third_Party/FreeRTOS/Source/CMSIS_RTOS_V2/cmsis_os2.o
                0x08005880                osKernelStart
 .text.osThreadNew
                0x080058cc      0x124 ./Middlewares/Third_Party/FreeRTOS/Source/CMSIS_RTOS_V2/cmsis_os2.o
                0x080058cc                osThreadNew
 .text.osDelay  0x080059f0       0x36 ./Middlewares/Third_Party/FreeRTOS/Source/CMSIS_RTOS_V2/cmsis_os2.o
                0x080059f0                osDelay
 *fill*         0x08005a26        0x2 
 .text.vApplicationGetIdleTaskMemory
                0x08005a28       0x34 ./Middlewares/Third_Party/FreeRTOS/Source/CMSIS_RTOS_V2/cmsis_os2.o
                0x08005a28                vApplicationGetIdleTaskMemory
 .text.vApplicationGetTimerTaskMemory
                0x08005a5c       0x34 ./Middlewares/Third_Party/FreeRTOS/Source/CMSIS_RTOS_V2/cmsis_os2.o
                0x08005a5c                vApplicationGetTimerTaskMemory
 .text.vListInitialise
                0x08005a90       0x40 ./Middlewares/Third_Party/FreeRTOS/Source/list.o
                0x08005a90                vListInitialise
 .text.vListInitialiseItem
                0x08005ad0       0x1a ./Middlewares/Third_Party/FreeRTOS/Source/list.o
                0x08005ad0                vListInitialiseItem
 .text.vListInsertEnd
                0x08005aea       0x48 ./Middlewares/Third_Party/FreeRTOS/Source/list.o
                0x08005aea                vListInsertEnd
 .text.vListInsert
                0x08005b32       0x72 ./Middlewares/Third_Party/FreeRTOS/Source/list.o
                0x08005b32                vListInsert
 .text.uxListRemove
                0x08005ba4       0x54 ./Middlewares/Third_Party/FreeRTOS/Source/list.o
                0x08005ba4                uxListRemove
 .text.xQueueGenericReset
                0x08005bf8       0xd4 ./Middlewares/Third_Party/FreeRTOS/Source/queue.o
                0x08005bf8                xQueueGenericReset
 .text.xQueueGenericCreateStatic
                0x08005ccc       0xfa ./Middlewares/Third_Party/FreeRTOS/Source/queue.o
                0x08005ccc                xQueueGenericCreateStatic
 .text.prvInitialiseNewQueue
                0x08005dc6       0x46 ./Middlewares/Third_Party/FreeRTOS/Source/queue.o
 .text.xQueueGenericSend
                0x08005e0c      0x204 ./Middlewares/Third_Party/FreeRTOS/Source/queue.o
                0x08005e0c                xQueueGenericSend
 .text.xQueueGenericSendFromISR
                0x08006010      0x13c ./Middlewares/Third_Party/FreeRTOS/Source/queue.o
                0x08006010                xQueueGenericSendFromISR
 .text.xQueueReceive
                0x0800614c      0x1c4 ./Middlewares/Third_Party/FreeRTOS/Source/queue.o
                0x0800614c                xQueueReceive
 .text.prvCopyDataToQueue
                0x08006310       0xd4 ./Middlewares/Third_Party/FreeRTOS/Source/queue.o
 .text.prvCopyDataFromQueue
                0x080063e4       0x4c ./Middlewares/Third_Party/FreeRTOS/Source/queue.o
 .text.prvUnlockQueue
                0x08006430       0xa4 ./Middlewares/Third_Party/FreeRTOS/Source/queue.o
 .text.prvIsQueueEmpty
                0x080064d4       0x2c ./Middlewares/Third_Party/FreeRTOS/Source/queue.o
 .text.prvIsQueueFull
                0x08006500       0x30 ./Middlewares/Third_Party/FreeRTOS/Source/queue.o
 .text.vQueueAddToRegistry
                0x08006530       0x54 ./Middlewares/Third_Party/FreeRTOS/Source/queue.o
                0x08006530                vQueueAddToRegistry
 .text.vQueueWaitForMessageRestricted
                0x08006584       0x68 ./Middlewares/Third_Party/FreeRTOS/Source/queue.o
                0x08006584                vQueueWaitForMessageRestricted
 .text.xTaskCreateStatic
                0x080065ec       0xc0 ./Middlewares/Third_Party/FreeRTOS/Source/tasks.o
                0x080065ec                xTaskCreateStatic
 .text.xTaskCreate
                0x080066ac       0x8a ./Middlewares/Third_Party/FreeRTOS/Source/tasks.o
                0x080066ac                xTaskCreate
 .text.prvInitialiseNewTask
                0x08006736      0x120 ./Middlewares/Third_Party/FreeRTOS/Source/tasks.o
 *fill*         0x08006856        0x2 
 .text.prvAddNewTaskToReadyList
                0x08006858       0xe0 ./Middlewares/Third_Party/FreeRTOS/Source/tasks.o
 .text.vTaskDelay
                0x08006938       0x6c ./Middlewares/Third_Party/FreeRTOS/Source/tasks.o
                0x08006938                vTaskDelay
 .text.vTaskStartScheduler
                0x080069a4       0xd0 ./Middlewares/Third_Party/FreeRTOS/Source/tasks.o
                0x080069a4                vTaskStartScheduler
 .text.vTaskSuspendAll
                0x08006a74       0x1c ./Middlewares/Third_Party/FreeRTOS/Source/tasks.o
                0x08006a74                vTaskSuspendAll
 .text.xTaskResumeAll
                0x08006a90      0x13c ./Middlewares/Third_Party/FreeRTOS/Source/tasks.o
                0x08006a90                xTaskResumeAll
 .text.xTaskGetTickCount
                0x08006bcc       0x20 ./Middlewares/Third_Party/FreeRTOS/Source/tasks.o
                0x08006bcc                xTaskGetTickCount
 .text.xTaskIncrementTick
                0x08006bec      0x174 ./Middlewares/Third_Party/FreeRTOS/Source/tasks.o
                0x08006bec                xTaskIncrementTick
 .text.vTaskSwitchContext
                0x08006d60       0xbc ./Middlewares/Third_Party/FreeRTOS/Source/tasks.o
                0x08006d60                vTaskSwitchContext
 .text.vTaskPlaceOnEventList
                0x08006e1c       0x4c ./Middlewares/Third_Party/FreeRTOS/Source/tasks.o
                0x08006e1c                vTaskPlaceOnEventList
 .text.vTaskPlaceOnEventListRestricted
                0x08006e68       0x58 ./Middlewares/Third_Party/FreeRTOS/Source/tasks.o
                0x08006e68                vTaskPlaceOnEventListRestricted
 .text.xTaskRemoveFromEventList
                0x08006ec0       0xc8 ./Middlewares/Third_Party/FreeRTOS/Source/tasks.o
                0x08006ec0                xTaskRemoveFromEventList
 .text.vTaskSetTimeOutState
                0x08006f88       0x50 ./Middlewares/Third_Party/FreeRTOS/Source/tasks.o
                0x08006f88                vTaskSetTimeOutState
 .text.vTaskInternalSetTimeOutState
                0x08006fd8       0x2c ./Middlewares/Third_Party/FreeRTOS/Source/tasks.o
                0x08006fd8                vTaskInternalSetTimeOutState
 .text.xTaskCheckForTimeOut
                0x08007004       0xc8 ./Middlewares/Third_Party/FreeRTOS/Source/tasks.o
                0x08007004                xTaskCheckForTimeOut
 .text.vTaskMissedYield
                0x080070cc       0x18 ./Middlewares/Third_Party/FreeRTOS/Source/tasks.o
                0x080070cc                vTaskMissedYield
 .text.prvIdleTask
                0x080070e4       0x30 ./Middlewares/Third_Party/FreeRTOS/Source/tasks.o
 .text.prvInitialiseTaskLists
                0x08007114       0x80 ./Middlewares/Third_Party/FreeRTOS/Source/tasks.o
 .text.prvCheckTasksWaitingTermination
                0x08007194       0x5c ./Middlewares/Third_Party/FreeRTOS/Source/tasks.o
 .text.prvDeleteTCB
                0x080071f0       0x60 ./Middlewares/Third_Party/FreeRTOS/Source/tasks.o
 .text.prvResetNextTaskUnblockTime
                0x08007250       0x40 ./Middlewares/Third_Party/FreeRTOS/Source/tasks.o
 .text.xTaskGetSchedulerState
                0x08007290       0x3c ./Middlewares/Third_Party/FreeRTOS/Source/tasks.o
                0x08007290                xTaskGetSchedulerState
 .text.xTaskPriorityDisinherit
                0x080072cc       0xe0 ./Middlewares/Third_Party/FreeRTOS/Source/tasks.o
                0x080072cc                xTaskPriorityDisinherit
 .text.prvAddCurrentTaskToDelayedList
                0x080073ac       0xa8 ./Middlewares/Third_Party/FreeRTOS/Source/tasks.o
 .text.xTimerCreateTimerTask
                0x08007454       0x94 ./Middlewares/Third_Party/FreeRTOS/Source/timers.o
                0x08007454                xTimerCreateTimerTask
 .text.xTimerGenericCommand
                0x080074e8       0x9c ./Middlewares/Third_Party/FreeRTOS/Source/timers.o
                0x080074e8                xTimerGenericCommand
 .text.prvProcessExpiredTimer
                0x08007584       0x9c ./Middlewares/Third_Party/FreeRTOS/Source/timers.o
 .text.prvTimerTask
                0x08007620       0x26 ./Middlewares/Third_Party/FreeRTOS/Source/timers.o
 *fill*         0x08007646        0x2 
 .text.prvProcessTimerOrBlockTask
                0x08007648       0x9c ./Middlewares/Third_Party/FreeRTOS/Source/timers.o
 .text.prvGetNextExpireTime
                0x080076e4       0x48 ./Middlewares/Third_Party/FreeRTOS/Source/timers.o
 .text.prvSampleTimeNow
                0x0800772c       0x40 ./Middlewares/Third_Party/FreeRTOS/Source/timers.o
 .text.prvInsertTimerInActiveList
                0x0800776c       0x84 ./Middlewares/Third_Party/FreeRTOS/Source/timers.o
 .text.prvProcessReceivedCommands
                0x080077f0      0x1cc ./Middlewares/Third_Party/FreeRTOS/Source/timers.o
 .text.prvSwitchTimerLists
                0x080079bc       0xcc ./Middlewares/Third_Party/FreeRTOS/Source/timers.o
 .text.prvCheckForValidListAndQueue
                0x08007a88       0x80 ./Middlewares/Third_Party/FreeRTOS/Source/timers.o
 .text.pxPortInitialiseStack
                0x08007b08       0x68 ./Middlewares/Third_Party/FreeRTOS/Source/portable/GCC/ARM_CM4F/port.o
                0x08007b08                pxPortInitialiseStack
 .text.prvTaskExitError
                0x08007b70       0x5c ./Middlewares/Third_Party/FreeRTOS/Source/portable/GCC/ARM_CM4F/port.o
 *fill*         0x08007bcc        0x4 
 .text.SVC_Handler
                0x08007bd0       0x28 ./Middlewares/Third_Party/FreeRTOS/Source/portable/GCC/ARM_CM4F/port.o
                0x08007bd0                SVC_Handler
 .text.prvPortStartFirstTask
                0x08007bf8       0x28 ./Middlewares/Third_Party/FreeRTOS/Source/portable/GCC/ARM_CM4F/port.o
 .text.xPortStartScheduler
                0x08007c20      0x148 ./Middlewares/Third_Party/FreeRTOS/Source/portable/GCC/ARM_CM4F/port.o
                0x08007c20                xPortStartScheduler
 .text.vPortEnterCritical
                0x08007d68       0x64 ./Middlewares/Third_Party/FreeRTOS/Source/portable/GCC/ARM_CM4F/port.o
                0x08007d68                vPortEnterCritical
 .text.vPortExitCritical
                0x08007dcc       0x54 ./Middlewares/Third_Party/FreeRTOS/Source/portable/GCC/ARM_CM4F/port.o
                0x08007dcc                vPortExitCritical
 .text.PendSV_Handler
                0x08007e20       0x68 ./Middlewares/Third_Party/FreeRTOS/Source/portable/GCC/ARM_CM4F/port.o
                0x08007e20                PendSV_Handler
 .text.xPortSysTickHandler
                0x08007e88       0x44 ./Middlewares/Third_Party/FreeRTOS/Source/portable/GCC/ARM_CM4F/port.o
                0x08007e88                xPortSysTickHandler
 .text.vPortSetupTimerInterrupt
                0x08007ecc       0x48 ./Middlewares/Third_Party/FreeRTOS/Source/portable/GCC/ARM_CM4F/port.o
                0x08007ecc                vPortSetupTimerInterrupt
 .text.vPortEnableVFP
                0x08007f14       0x14 ./Middlewares/Third_Party/FreeRTOS/Source/portable/GCC/ARM_CM4F/port.o
 .text.vPortValidateInterruptPriority
                0x08007f28       0x84 ./Middlewares/Third_Party/FreeRTOS/Source/portable/GCC/ARM_CM4F/port.o
                0x08007f28                vPortValidateInterruptPriority
 .text.pvPortMalloc
                0x08007fac      0x19c ./Middlewares/Third_Party/FreeRTOS/Source/portable/MemMang/heap_4.o
                0x08007fac                pvPortMalloc
 .text.vPortFree
                0x08008148       0xc8 ./Middlewares/Third_Party/FreeRTOS/Source/portable/MemMang/heap_4.o
                0x08008148                vPortFree
 .text.prvHeapInit
                0x08008210       0xc4 ./Middlewares/Third_Party/FreeRTOS/Source/portable/MemMang/heap_4.o
 .text.prvInsertBlockIntoFreeList
                0x080082d4       0xb4 ./Middlewares/Third_Party/FreeRTOS/Source/portable/MemMang/heap_4.o
 .text.rcl_get_zero_initialized_init_options
                0x08008388        0x4 ../micro_ros_stm32cubemx_utils/microros_static_library_ide/libmicroros/libmicroros.a(librcl-init_options.c.obj)
                0x08008388                rcl_get_zero_initialized_init_options
 .text.rcl_init_options_init
                0x0800838c       0xcc ../micro_ros_stm32cubemx_utils/microros_static_library_ide/libmicroros/libmicroros.a(librcl-init_options.c.obj)
                0x0800838c                rcl_init_options_init
 .text.rcl_init_options_fini
                0x08008458       0x54 ../micro_ros_stm32cubemx_utils/microros_static_library_ide/libmicroros/libmicroros.a(librcl-init_options.c.obj)
                0x08008458                rcl_init_options_fini
 .text.rcl_init_options_copy
                0x080084ac       0xd8 ../micro_ros_stm32cubemx_utils/microros_static_library_ide/libmicroros/libmicroros.a(librcl-init_options.c.obj)
                0x080084ac                rcl_init_options_copy
 .text.rcl_init_options_set_domain_id
                0x08008584       0x10 ../micro_ros_stm32cubemx_utils/microros_static_library_ide/libmicroros/libmicroros.a(librcl-init_options.c.obj)
                0x08008584                rcl_init_options_set_domain_id
 .text.rclc_support_init_with_options
                0x08008594       0x68 ../micro_ros_stm32cubemx_utils/microros_static_library_ide/libmicroros/libmicroros.a(librclc-init.c.obj)
                0x08008594                rclc_support_init_with_options
 .text.rclc_node_init_default
                0x080085fc       0x78 ../micro_ros_stm32cubemx_utils/microros_static_library_ide/libmicroros/libmicroros.a(librclc-node.c.obj)
                0x080085fc                rclc_node_init_default
 .text.__default_zero_allocate
                0x08008674        0x4 ../micro_ros_stm32cubemx_utils/microros_static_library_ide/libmicroros/libmicroros.a(librcutils-allocator.c.obj)
 .text.__default_reallocate
                0x08008678        0x4 ../micro_ros_stm32cubemx_utils/microros_static_library_ide/libmicroros/libmicroros.a(librcutils-allocator.c.obj)
 .text.__default_deallocate
                0x0800867c        0x4 ../micro_ros_stm32cubemx_utils/microros_static_library_ide/libmicroros/libmicroros.a(librcutils-allocator.c.obj)
 .text.__default_allocate
                0x08008680        0x4 ../micro_ros_stm32cubemx_utils/microros_static_library_ide/libmicroros/libmicroros.a(librcutils-allocator.c.obj)
 .text.rcutils_get_zero_initialized_allocator
                0x08008684       0x1c ../micro_ros_stm32cubemx_utils/microros_static_library_ide/libmicroros/libmicroros.a(librcutils-allocator.c.obj)
                0x08008684                rcutils_get_zero_initialized_allocator
 .text.rcutils_set_default_allocator
                0x080086a0       0x3c ../micro_ros_stm32cubemx_utils/microros_static_library_ide/libmicroros/libmicroros.a(librcutils-allocator.c.obj)
                0x080086a0                rcutils_set_default_allocator
 .text.rcutils_get_default_allocator
                0x080086dc       0x1c ../micro_ros_stm32cubemx_utils/microros_static_library_ide/libmicroros/libmicroros.a(librcutils-allocator.c.obj)
                0x080086dc                rcutils_get_default_allocator
 .text.rcutils_allocator_is_valid
                0x080086f8       0x1c ../micro_ros_stm32cubemx_utils/microros_static_library_ide/libmicroros/libmicroros.a(librcutils-allocator.c.obj)
                0x080086f8                rcutils_allocator_is_valid
 .text.rcutils_get_error_string
                0x08008714       0x2c ../micro_ros_stm32cubemx_utils/microros_static_library_ide/libmicroros/libmicroros.a(librcutils-error_handling.c.obj)
                0x08008714                rcutils_get_error_string
 .text.rcutils_reset_error
                0x08008740       0x38 ../micro_ros_stm32cubemx_utils/microros_static_library_ide/libmicroros/libmicroros.a(librcutils-error_handling.c.obj)
                0x08008740                rcutils_reset_error
 .text.rmw_get_zero_initialized_init_options
                0x08008778       0x20 ../micro_ros_stm32cubemx_utils/microros_static_library_ide/libmicroros/libmicroros.a(librmw-init_options.c.obj)
                0x08008778                rmw_get_zero_initialized_init_options
 .text.rmw_get_default_security_options
                0x08008798        0x8 ../micro_ros_stm32cubemx_utils/microros_static_library_ide/libmicroros/libmicroros.a(librmw-security_options.c.obj)
                0x08008798                rmw_get_default_security_options
 .text.rmw_uros_set_custom_transport
                0x080087a0       0x2c ../micro_ros_stm32cubemx_utils/microros_static_library_ide/libmicroros/libmicroros.a(librmw_microxrcedds-custom_transport.c.obj)
                0x080087a0                rmw_uros_set_custom_transport
 .text.rmw_init_options_init
                0x080087cc       0xd0 ../micro_ros_stm32cubemx_utils/microros_static_library_ide/libmicroros/libmicroros.a(librmw_microxrcedds-rmw_init.c.obj)
                0x080087cc                rmw_init_options_init
 .text.rmw_init_options_copy
                0x0800889c       0x90 ../micro_ros_stm32cubemx_utils/microros_static_library_ide/libmicroros/libmicroros.a(librmw_microxrcedds-rmw_init.c.obj)
                0x0800889c                rmw_init_options_copy
 .text.rmw_init_options_fini
                0x0800892c       0x90 ../micro_ros_stm32cubemx_utils/microros_static_library_ide/libmicroros/libmicroros.a(librmw_microxrcedds-rmw_init.c.obj)
                0x0800892c                rmw_init_options_fini
 .text.rmw_init
                0x080089bc      0x26c ../micro_ros_stm32cubemx_utils/microros_static_library_ide/libmicroros/libmicroros.a(librmw_microxrcedds-rmw_init.c.obj)
                0x080089bc                rmw_init
 .text.rmw_context_fini
                0x08008c28       0x64 ../micro_ros_stm32cubemx_utils/microros_static_library_ide/libmicroros/libmicroros.a(librmw_microxrcedds-rmw_init.c.obj)
                0x08008c28                rmw_context_fini
 .text.create_node
                0x08008c8c       0xf4 ../micro_ros_stm32cubemx_utils/microros_static_library_ide/libmicroros/libmicroros.a(librmw_microxrcedds-rmw_node.c.obj)
                0x08008c8c                create_node
 .text.rmw_create_node
                0x08008d80       0x30 ../micro_ros_stm32cubemx_utils/microros_static_library_ide/libmicroros/libmicroros.a(librmw_microxrcedds-rmw_node.c.obj)
                0x08008d80                rmw_create_node
 .text.rmw_destroy_node
                0x08008db0       0xf8 ../micro_ros_stm32cubemx_utils/microros_static_library_ide/libmicroros/libmicroros.a(librmw_microxrcedds-rmw_node.c.obj)
                0x08008db0                rmw_destroy_node
 .text.rmw_node_get_graph_guard_condition
                0x08008ea8        0xc ../micro_ros_stm32cubemx_utils/microros_static_library_ide/libmicroros/libmicroros.a(librmw_microxrcedds-rmw_node.c.obj)
                0x08008ea8                rmw_node_get_graph_guard_condition
 .text.rmw_destroy_publisher
                0x08008eb4       0xa4 ../micro_ros_stm32cubemx_utils/microros_static_library_ide/libmicroros/libmicroros.a(librmw_microxrcedds-rmw_publisher.c.obj)
                0x08008eb4                rmw_destroy_publisher
 .text.rmw_destroy_service
                0x08008f58       0x88 ../micro_ros_stm32cubemx_utils/microros_static_library_ide/libmicroros/libmicroros.a(librmw_microxrcedds-rmw_service.c.obj)
                0x08008f58                rmw_destroy_service
 .text.rmw_destroy_subscription
                0x08008fe0       0xc0 ../micro_ros_stm32cubemx_utils/microros_static_library_ide/libmicroros/libmicroros.a(librmw_microxrcedds-rmw_subscription.c.obj)
                0x08008fe0                rmw_destroy_subscription
 .text.rmw_uxrce_transport_init
                0x080090a0       0x30 ../micro_ros_stm32cubemx_utils/microros_static_library_ide/libmicroros/libmicroros.a(librmw_microxrcedds-rmw_uxrce_transports.c.obj)
                0x080090a0                rmw_uxrce_transport_init
 .text.rmw_uxrce_init_service_memory
                0x080090d0       0x40 ../micro_ros_stm32cubemx_utils/microros_static_library_ide/libmicroros/libmicroros.a(librmw_microxrcedds-types.c.obj)
                0x080090d0                rmw_uxrce_init_service_memory
 .text.rmw_uxrce_init_client_memory
                0x08009110       0x40 ../micro_ros_stm32cubemx_utils/microros_static_library_ide/libmicroros/libmicroros.a(librmw_microxrcedds-types.c.obj)
                0x08009110                rmw_uxrce_init_client_memory
 .text.rmw_uxrce_init_publisher_memory
                0x08009150       0x40 ../micro_ros_stm32cubemx_utils/microros_static_library_ide/libmicroros/libmicroros.a(librmw_microxrcedds-types.c.obj)
                0x08009150                rmw_uxrce_init_publisher_memory
 .text.rmw_uxrce_init_subscription_memory
                0x08009190       0x40 ../micro_ros_stm32cubemx_utils/microros_static_library_ide/libmicroros/libmicroros.a(librmw_microxrcedds-types.c.obj)
                0x08009190                rmw_uxrce_init_subscription_memory
 .text.rmw_uxrce_init_node_memory
                0x080091d0       0x40 ../micro_ros_stm32cubemx_utils/microros_static_library_ide/libmicroros/libmicroros.a(librmw_microxrcedds-types.c.obj)
                0x080091d0                rmw_uxrce_init_node_memory
 .text.rmw_uxrce_init_session_memory
                0x08009210       0x40 ../micro_ros_stm32cubemx_utils/microros_static_library_ide/libmicroros/libmicroros.a(librmw_microxrcedds-types.c.obj)
                0x08009210                rmw_uxrce_init_session_memory
 .text.rmw_uxrce_init_topic_memory
                0x08009250       0x40 ../micro_ros_stm32cubemx_utils/microros_static_library_ide/libmicroros/libmicroros.a(librmw_microxrcedds-types.c.obj)
                0x08009250                rmw_uxrce_init_topic_memory
 .text.rmw_uxrce_init_static_input_buffer_memory
                0x08009290       0x40 ../micro_ros_stm32cubemx_utils/microros_static_library_ide/libmicroros/libmicroros.a(librmw_microxrcedds-types.c.obj)
                0x08009290                rmw_uxrce_init_static_input_buffer_memory
 .text.rmw_uxrce_init_init_options_impl_memory
                0x080092d0       0x40 ../micro_ros_stm32cubemx_utils/microros_static_library_ide/libmicroros/libmicroros.a(librmw_microxrcedds-types.c.obj)
                0x080092d0                rmw_uxrce_init_init_options_impl_memory
 .text.rmw_uxrce_init_wait_set_memory
                0x08009310       0x40 ../micro_ros_stm32cubemx_utils/microros_static_library_ide/libmicroros/libmicroros.a(librmw_microxrcedds-types.c.obj)
                0x08009310                rmw_uxrce_init_wait_set_memory
 .text.rmw_uxrce_init_guard_condition_memory
                0x08009350       0x40 ../micro_ros_stm32cubemx_utils/microros_static_library_ide/libmicroros/libmicroros.a(librmw_microxrcedds-types.c.obj)
                0x08009350                rmw_uxrce_init_guard_condition_memory
 .text.rmw_uxrce_fini_session_memory
                0x08009390        0xc ../micro_ros_stm32cubemx_utils/microros_static_library_ide/libmicroros/libmicroros.a(librmw_microxrcedds-types.c.obj)
                0x08009390                rmw_uxrce_fini_session_memory
 .text.rmw_uxrce_fini_node_memory
                0x0800939c       0x30 ../micro_ros_stm32cubemx_utils/microros_static_library_ide/libmicroros/libmicroros.a(librmw_microxrcedds-types.c.obj)
                0x0800939c                rmw_uxrce_fini_node_memory
 .text.rmw_uxrce_fini_publisher_memory
                0x080093cc       0x2c ../micro_ros_stm32cubemx_utils/microros_static_library_ide/libmicroros/libmicroros.a(librmw_microxrcedds-types.c.obj)
                0x080093cc                rmw_uxrce_fini_publisher_memory
 .text.rmw_uxrce_fini_subscription_memory
                0x080093f8       0x2c ../micro_ros_stm32cubemx_utils/microros_static_library_ide/libmicroros/libmicroros.a(librmw_microxrcedds-types.c.obj)
                0x080093f8                rmw_uxrce_fini_subscription_memory
 .text.rmw_uxrce_fini_service_memory
                0x08009424       0x2c ../micro_ros_stm32cubemx_utils/microros_static_library_ide/libmicroros/libmicroros.a(librmw_microxrcedds-types.c.obj)
                0x08009424                rmw_uxrce_fini_service_memory
 .text.rmw_uxrce_fini_client_memory
                0x08009450       0x2c ../micro_ros_stm32cubemx_utils/microros_static_library_ide/libmicroros/libmicroros.a(librmw_microxrcedds-types.c.obj)
                0x08009450                rmw_uxrce_fini_client_memory
 .text.rmw_uxrce_fini_topic_memory
                0x0800947c       0x18 ../micro_ros_stm32cubemx_utils/microros_static_library_ide/libmicroros/libmicroros.a(librmw_microxrcedds-types.c.obj)
                0x0800947c                rmw_uxrce_fini_topic_memory
 .text.rmw_uxrce_get_static_input_buffer_for_entity
                0x08009494       0xa0 ../micro_ros_stm32cubemx_utils/microros_static_library_ide/libmicroros/libmicroros.a(librmw_microxrcedds-types.c.obj)
                0x08009494                rmw_uxrce_get_static_input_buffer_for_entity
 .text.run_xrce_session
                0x08009534       0x38 ../micro_ros_stm32cubemx_utils/microros_static_library_ide/libmicroros/libmicroros.a(librmw_microxrcedds-utils.c.obj)
                0x08009534                run_xrce_session
 .text.is_uxrce_rmw_identifier_valid
                0x0800956c       0x1c ../micro_ros_stm32cubemx_utils/microros_static_library_ide/libmicroros/libmicroros.a(librmw_microxrcedds-utils.c.obj)
                0x0800956c                is_uxrce_rmw_identifier_valid
 .text.uxr_buffer_delete_entity
                0x08009588       0x40 ../micro_ros_stm32cubemx_utils/microros_static_library_ide/libmicroros/libmicroros.a(libmicroxrcedds_client-common_create_entities.c.obj)
                0x08009588                uxr_buffer_delete_entity
 .text.uxr_common_create_entity
                0x080095c8       0x58 ../micro_ros_stm32cubemx_utils/microros_static_library_ide/libmicroros/libmicroros.a(libmicroxrcedds_client-common_create_entities.c.obj)
                0x080095c8                uxr_common_create_entity
 .text.uxr_buffer_create_participant_bin
                0x08009620       0x64 ../micro_ros_stm32cubemx_utils/microros_static_library_ide/libmicroros/libmicroros.a(libmicroxrcedds_client-create_entities_bin.c.obj)
                0x08009620                uxr_buffer_create_participant_bin
 .text.get_custom_error
                0x08009684        0xc ../micro_ros_stm32cubemx_utils/microros_static_library_ide/libmicroros/libmicroros.a(libmicroxrcedds_client-custom_transport.c.obj)
 .text.recv_custom_msg
                0x08009690       0x98 ../micro_ros_stm32cubemx_utils/microros_static_library_ide/libmicroros/libmicroros.a(libmicroxrcedds_client-custom_transport.c.obj)
 .text.send_custom_msg
                0x08009728       0x54 ../micro_ros_stm32cubemx_utils/microros_static_library_ide/libmicroros/libmicroros.a(libmicroxrcedds_client-custom_transport.c.obj)
 .text.uxr_set_custom_transport_callbacks
                0x0800977c       0x1c ../micro_ros_stm32cubemx_utils/microros_static_library_ide/libmicroros/libmicroros.a(libmicroxrcedds_client-custom_transport.c.obj)
                0x0800977c                uxr_set_custom_transport_callbacks
 .text.uxr_init_custom_transport
                0x08009798       0x68 ../micro_ros_stm32cubemx_utils/microros_static_library_ide/libmicroros/libmicroros.a(libmicroxrcedds_client-custom_transport.c.obj)
                0x08009798                uxr_init_custom_transport
 .text.uxr_close_custom_transport
                0x08009800        0x8 ../micro_ros_stm32cubemx_utils/microros_static_library_ide/libmicroros/libmicroros.a(libmicroxrcedds_client-custom_transport.c.obj)
                0x08009800                uxr_close_custom_transport
 .text.uxr_object_id
                0x08009808       0x1c ../micro_ros_stm32cubemx_utils/microros_static_library_ide/libmicroros/libmicroros.a(libmicroxrcedds_client-object_id.c.obj)
                0x08009808                uxr_object_id
 .text.uxr_object_id_from_raw
                0x08009824       0x28 ../micro_ros_stm32cubemx_utils/microros_static_library_ide/libmicroros/libmicroros.a(libmicroxrcedds_client-object_id.c.obj)
                0x08009824                uxr_object_id_from_raw
 .text.uxr_object_id_to_raw
                0x0800984c       0x1c ../micro_ros_stm32cubemx_utils/microros_static_library_ide/libmicroros/libmicroros.a(libmicroxrcedds_client-object_id.c.obj)
                0x0800984c                uxr_object_id_to_raw
 .text.uxr_buffer_cancel_data
                0x08009868       0x58 ../micro_ros_stm32cubemx_utils/microros_static_library_ide/libmicroros/libmicroros.a(libmicroxrcedds_client-read_access.c.obj)
                0x08009868                uxr_buffer_cancel_data
 .text.read_submessage_format
                0x080098c0      0x194 ../micro_ros_stm32cubemx_utils/microros_static_library_ide/libmicroros/libmicroros.a(libmicroxrcedds_client-read_access.c.obj)
                0x080098c0                read_submessage_format
 .text.on_get_fragmentation_info
                0x08009a54       0x44 ../micro_ros_stm32cubemx_utils/microros_static_library_ide/libmicroros/libmicroros.a(libmicroxrcedds_client-session.c.obj)
 .text.read_submessage_get_info
                0x08009a98       0x6c ../micro_ros_stm32cubemx_utils/microros_static_library_ide/libmicroros/libmicroros.a(libmicroxrcedds_client-session.c.obj)
 .text.write_submessage_acknack.isra.0
                0x08009b04       0x6c ../micro_ros_stm32cubemx_utils/microros_static_library_ide/libmicroros/libmicroros.a(libmicroxrcedds_client-session.c.obj)
 .text.uxr_init_session
                0x08009b70       0x40 ../micro_ros_stm32cubemx_utils/microros_static_library_ide/libmicroros/libmicroros.a(libmicroxrcedds_client-session.c.obj)
                0x08009b70                uxr_init_session
 .text.uxr_set_status_callback
                0x08009bb0        0x8 ../micro_ros_stm32cubemx_utils/microros_static_library_ide/libmicroros/libmicroros.a(libmicroxrcedds_client-session.c.obj)
                0x08009bb0                uxr_set_status_callback
 .text.uxr_set_topic_callback
                0x08009bb8        0x8 ../micro_ros_stm32cubemx_utils/microros_static_library_ide/libmicroros/libmicroros.a(libmicroxrcedds_client-session.c.obj)
                0x08009bb8                uxr_set_topic_callback
 .text.uxr_set_request_callback
                0x08009bc0        0x8 ../micro_ros_stm32cubemx_utils/microros_static_library_ide/libmicroros/libmicroros.a(libmicroxrcedds_client-session.c.obj)
                0x08009bc0                uxr_set_request_callback
 .text.uxr_set_reply_callback
                0x08009bc8        0x8 ../micro_ros_stm32cubemx_utils/microros_static_library_ide/libmicroros/libmicroros.a(libmicroxrcedds_client-session.c.obj)
                0x08009bc8                uxr_set_reply_callback
 .text.uxr_create_output_best_effort_stream
                0x08009bd0       0x24 ../micro_ros_stm32cubemx_utils/microros_static_library_ide/libmicroros/libmicroros.a(libmicroxrcedds_client-session.c.obj)
                0x08009bd0                uxr_create_output_best_effort_stream
 .text.uxr_create_output_reliable_stream
                0x08009bf4       0x44 ../micro_ros_stm32cubemx_utils/microros_static_library_ide/libmicroros/libmicroros.a(libmicroxrcedds_client-session.c.obj)
                0x08009bf4                uxr_create_output_reliable_stream
 .text.uxr_create_input_best_effort_stream
                0x08009c38        0xc ../micro_ros_stm32cubemx_utils/microros_static_library_ide/libmicroros/libmicroros.a(libmicroxrcedds_client-session.c.obj)
                0x08009c38                uxr_create_input_best_effort_stream
 .text.uxr_create_input_reliable_stream
                0x08009c44       0x38 ../micro_ros_stm32cubemx_utils/microros_static_library_ide/libmicroros/libmicroros.a(libmicroxrcedds_client-session.c.obj)
                0x08009c44                uxr_create_input_reliable_stream
 .text.uxr_epoch_nanos
                0x08009c7c       0x14 ../micro_ros_stm32cubemx_utils/microros_static_library_ide/libmicroros/libmicroros.a(libmicroxrcedds_client-session.c.obj)
                0x08009c7c                uxr_epoch_nanos
 .text.uxr_flash_output_streams
                0x08009c90       0xec ../micro_ros_stm32cubemx_utils/microros_static_library_ide/libmicroros/libmicroros.a(libmicroxrcedds_client-session.c.obj)
                0x08009c90                uxr_flash_output_streams
 .text.read_submessage_info
                0x08009d7c       0x90 ../micro_ros_stm32cubemx_utils/microros_static_library_ide/libmicroros/libmicroros.a(libmicroxrcedds_client-session.c.obj)
                0x08009d7c                read_submessage_info
 .text.read_submessage_list
                0x08009e0c      0x310 ../micro_ros_stm32cubemx_utils/microros_static_library_ide/libmicroros/libmicroros.a(libmicroxrcedds_client-session.c.obj)
 .text.listen_message_reliably
                0x0800a11c      0x280 ../micro_ros_stm32cubemx_utils/microros_static_library_ide/libmicroros/libmicroros.a(libmicroxrcedds_client-session.c.obj)
 .text.uxr_run_session_until_all_status
                0x0800a39c       0xa4 ../micro_ros_stm32cubemx_utils/microros_static_library_ide/libmicroros/libmicroros.a(libmicroxrcedds_client-session.c.obj)
                0x0800a39c                uxr_run_session_until_all_status
 .text.wait_session_status
                0x0800a440      0x1a0 ../micro_ros_stm32cubemx_utils/microros_static_library_ide/libmicroros/libmicroros.a(libmicroxrcedds_client-session.c.obj)
 .text.uxr_delete_session_retries
                0x0800a5e0       0x50 ../micro_ros_stm32cubemx_utils/microros_static_library_ide/libmicroros/libmicroros.a(libmicroxrcedds_client-session.c.obj)
                0x0800a5e0                uxr_delete_session_retries
 .text.uxr_create_session
                0x0800a630      0x1bc ../micro_ros_stm32cubemx_utils/microros_static_library_ide/libmicroros/libmicroros.a(libmicroxrcedds_client-session.c.obj)
                0x0800a630                uxr_create_session
 .text.uxr_prepare_stream_to_write_submessage
                0x0800a7ec       0x88 ../micro_ros_stm32cubemx_utils/microros_static_library_ide/libmicroros/libmicroros.a(libmicroxrcedds_client-session.c.obj)
                0x0800a7ec                uxr_prepare_stream_to_write_submessage
 .text.uxr_init_session_info
                0x0800a874       0x20 ../micro_ros_stm32cubemx_utils/microros_static_library_ide/libmicroros/libmicroros.a(libmicroxrcedds_client-session_info.c.obj)
                0x0800a874                uxr_init_session_info
 .text.uxr_buffer_create_session
                0x0800a894       0x54 ../micro_ros_stm32cubemx_utils/microros_static_library_ide/libmicroros/libmicroros.a(libmicroxrcedds_client-session_info.c.obj)
                0x0800a894                uxr_buffer_create_session
 .text.uxr_buffer_delete_session
                0x0800a8e8       0x38 ../micro_ros_stm32cubemx_utils/microros_static_library_ide/libmicroros/libmicroros.a(libmicroxrcedds_client-session_info.c.obj)
                0x0800a8e8                uxr_buffer_delete_session
 .text.uxr_read_create_session_status
                0x0800a920       0x18 ../micro_ros_stm32cubemx_utils/microros_static_library_ide/libmicroros/libmicroros.a(libmicroxrcedds_client-session_info.c.obj)
                0x0800a920                uxr_read_create_session_status
 .text.uxr_read_delete_session_status
                0x0800a938       0x3c ../micro_ros_stm32cubemx_utils/microros_static_library_ide/libmicroros/libmicroros.a(libmicroxrcedds_client-session_info.c.obj)
                0x0800a938                uxr_read_delete_session_status
 .text.uxr_stamp_create_session_header
                0x0800a974       0x28 ../micro_ros_stm32cubemx_utils/microros_static_library_ide/libmicroros/libmicroros.a(libmicroxrcedds_client-session_info.c.obj)
                0x0800a974                uxr_stamp_create_session_header
 .text.uxr_stamp_session_header
                0x0800a99c       0x28 ../micro_ros_stm32cubemx_utils/microros_static_library_ide/libmicroros/libmicroros.a(libmicroxrcedds_client-session_info.c.obj)
                0x0800a99c                uxr_stamp_session_header
 .text.uxr_read_session_header
                0x0800a9c4       0x84 ../micro_ros_stm32cubemx_utils/microros_static_library_ide/libmicroros/libmicroros.a(libmicroxrcedds_client-session_info.c.obj)
                0x0800a9c4                uxr_read_session_header
 .text.uxr_session_header_offset
                0x0800aa48       0x10 ../micro_ros_stm32cubemx_utils/microros_static_library_ide/libmicroros/libmicroros.a(libmicroxrcedds_client-session_info.c.obj)
                0x0800aa48                uxr_session_header_offset
 .text.uxr_init_base_object_request
                0x0800aa58       0x3c ../micro_ros_stm32cubemx_utils/microros_static_library_ide/libmicroros/libmicroros.a(libmicroxrcedds_client-session_info.c.obj)
                0x0800aa58                uxr_init_base_object_request
 .text.uxr_parse_base_object_request
                0x0800aa94       0x24 ../micro_ros_stm32cubemx_utils/microros_static_library_ide/libmicroros/libmicroros.a(libmicroxrcedds_client-session_info.c.obj)
                0x0800aa94                uxr_parse_base_object_request
 .text.uxr_init_framing_io
                0x0800aab8        0xc ../micro_ros_stm32cubemx_utils/microros_static_library_ide/libmicroros/libmicroros.a(libmicroxrcedds_client-stream_framing_protocol.c.obj)
                0x0800aab8                uxr_init_framing_io
 .text.uxr_write_framed_msg
                0x0800aac4      0x2ec ../micro_ros_stm32cubemx_utils/microros_static_library_ide/libmicroros/libmicroros.a(libmicroxrcedds_client-stream_framing_protocol.c.obj)
                0x0800aac4                uxr_write_framed_msg
 .text.uxr_framing_read_transport
                0x0800adb0      0x104 ../micro_ros_stm32cubemx_utils/microros_static_library_ide/libmicroros/libmicroros.a(libmicroxrcedds_client-stream_framing_protocol.c.obj)
                0x0800adb0                uxr_framing_read_transport
 .text.uxr_read_framed_msg
                0x0800aeb4      0x528 ../micro_ros_stm32cubemx_utils/microros_static_library_ide/libmicroros/libmicroros.a(libmicroxrcedds_client-stream_framing_protocol.c.obj)
                0x0800aeb4                uxr_read_framed_msg
 .text.uxr_stream_id
                0x0800b3dc       0x54 ../micro_ros_stm32cubemx_utils/microros_static_library_ide/libmicroros/libmicroros.a(libmicroxrcedds_client-stream_id.c.obj)
                0x0800b3dc                uxr_stream_id
 .text.uxr_stream_id_from_raw
                0x0800b430       0x54 ../micro_ros_stm32cubemx_utils/microros_static_library_ide/libmicroros/libmicroros.a(libmicroxrcedds_client-stream_id.c.obj)
                0x0800b430                uxr_stream_id_from_raw
 .text.uxr_init_stream_storage
                0x0800b484       0x14 ../micro_ros_stm32cubemx_utils/microros_static_library_ide/libmicroros/libmicroros.a(libmicroxrcedds_client-stream_storage.c.obj)
                0x0800b484                uxr_init_stream_storage
 .text.uxr_reset_stream_storage
                0x0800b498       0x80 ../micro_ros_stm32cubemx_utils/microros_static_library_ide/libmicroros/libmicroros.a(libmicroxrcedds_client-stream_storage.c.obj)
                0x0800b498                uxr_reset_stream_storage
 .text.uxr_add_output_best_effort_buffer
                0x0800b518       0x28 ../micro_ros_stm32cubemx_utils/microros_static_library_ide/libmicroros/libmicroros.a(libmicroxrcedds_client-stream_storage.c.obj)
                0x0800b518                uxr_add_output_best_effort_buffer
 .text.uxr_add_output_reliable_buffer
                0x0800b540       0x34 ../micro_ros_stm32cubemx_utils/microros_static_library_ide/libmicroros/libmicroros.a(libmicroxrcedds_client-stream_storage.c.obj)
                0x0800b540                uxr_add_output_reliable_buffer
 .text.uxr_add_input_best_effort_buffer
                0x0800b574       0x2c ../micro_ros_stm32cubemx_utils/microros_static_library_ide/libmicroros/libmicroros.a(libmicroxrcedds_client-stream_storage.c.obj)
                0x0800b574                uxr_add_input_best_effort_buffer
 .text.uxr_add_input_reliable_buffer
                0x0800b5a0       0x34 ../micro_ros_stm32cubemx_utils/microros_static_library_ide/libmicroros/libmicroros.a(libmicroxrcedds_client-stream_storage.c.obj)
                0x0800b5a0                uxr_add_input_reliable_buffer
 .text.uxr_get_output_best_effort_stream
                0x0800b5d4       0x10 ../micro_ros_stm32cubemx_utils/microros_static_library_ide/libmicroros/libmicroros.a(libmicroxrcedds_client-stream_storage.c.obj)
                0x0800b5d4                uxr_get_output_best_effort_stream
 .text.uxr_get_output_reliable_stream
                0x0800b5e4       0x14 ../micro_ros_stm32cubemx_utils/microros_static_library_ide/libmicroros/libmicroros.a(libmicroxrcedds_client-stream_storage.c.obj)
                0x0800b5e4                uxr_get_output_reliable_stream
 .text.uxr_get_input_best_effort_stream
                0x0800b5f8       0x14 ../micro_ros_stm32cubemx_utils/microros_static_library_ide/libmicroros/libmicroros.a(libmicroxrcedds_client-stream_storage.c.obj)
                0x0800b5f8                uxr_get_input_best_effort_stream
 .text.uxr_get_input_reliable_stream
                0x0800b60c       0x14 ../micro_ros_stm32cubemx_utils/microros_static_library_ide/libmicroros/libmicroros.a(libmicroxrcedds_client-stream_storage.c.obj)
                0x0800b60c                uxr_get_input_reliable_stream
 .text.uxr_buffer_submessage_header
                0x0800b620       0x34 ../micro_ros_stm32cubemx_utils/microros_static_library_ide/libmicroros/libmicroros.a(libmicroxrcedds_client-submessage.c.obj)
                0x0800b620                uxr_buffer_submessage_header
 .text.uxr_read_submessage_header
                0x0800b654       0x4c ../micro_ros_stm32cubemx_utils/microros_static_library_ide/libmicroros/libmicroros.a(libmicroxrcedds_client-submessage.c.obj)
                0x0800b654                uxr_read_submessage_header
 .text.uxr_submessage_padding
                0x0800b6a0        0xc ../micro_ros_stm32cubemx_utils/microros_static_library_ide/libmicroros/libmicroros.a(libmicroxrcedds_client-submessage.c.obj)
                0x0800b6a0                uxr_submessage_padding
 .text.uxr_millis
                0x0800b6ac       0x34 ../micro_ros_stm32cubemx_utils/microros_static_library_ide/libmicroros/libmicroros.a(libmicroxrcedds_client-time.c.obj)
                0x0800b6ac                uxr_millis
 .text.uxr_nanos
                0x0800b6e0       0x2c ../micro_ros_stm32cubemx_utils/microros_static_library_ide/libmicroros/libmicroros.a(libmicroxrcedds_client-time.c.obj)
                0x0800b6e0                uxr_nanos
 .text.uxr_serialize_message_header
                0x0800b70c       0x3c ../micro_ros_stm32cubemx_utils/microros_static_library_ide/libmicroros/libmicroros.a(libmicroxrcedds_client-xrce_header.c.obj)
                0x0800b70c                uxr_serialize_message_header
 .text.uxr_deserialize_message_header
                0x0800b748       0x40 ../micro_ros_stm32cubemx_utils/microros_static_library_ide/libmicroros/libmicroros.a(libmicroxrcedds_client-xrce_header.c.obj)
                0x0800b748                uxr_deserialize_message_header
 .text.uxr_serialize_submessage_header
                0x0800b788       0x28 ../micro_ros_stm32cubemx_utils/microros_static_library_ide/libmicroros/libmicroros.a(libmicroxrcedds_client-xrce_subheader.c.obj)
                0x0800b788                uxr_serialize_submessage_header
 .text.uxr_deserialize_submessage_header
                0x0800b7b0       0x28 ../micro_ros_stm32cubemx_utils/microros_static_library_ide/libmicroros/libmicroros.a(libmicroxrcedds_client-xrce_subheader.c.obj)
                0x0800b7b0                uxr_deserialize_submessage_header
 .text.uxr_serialize_CLIENT_Representation
                0x0800b7d8       0xb0 ../micro_ros_stm32cubemx_utils/microros_static_library_ide/libmicroros/libmicroros.a(libmicroxrcedds_client-xrce_types.c.obj)
                0x0800b7d8                uxr_serialize_CLIENT_Representation
 .text.uxr_deserialize_CLIENT_Representation
                0x0800b888       0xc8 ../micro_ros_stm32cubemx_utils/microros_static_library_ide/libmicroros/libmicroros.a(libmicroxrcedds_client-xrce_types.c.obj)
                0x0800b888                uxr_deserialize_CLIENT_Representation
 .text.uxr_serialize_AGENT_Representation
                0x0800b950       0x94 ../micro_ros_stm32cubemx_utils/microros_static_library_ide/libmicroros/libmicroros.a(libmicroxrcedds_client-xrce_types.c.obj)
                0x0800b950                uxr_serialize_AGENT_Representation
 .text.uxr_serialize_DATAWRITER_Representation
                0x0800b9e4       0x50 ../micro_ros_stm32cubemx_utils/microros_static_library_ide/libmicroros/libmicroros.a(libmicroxrcedds_client-xrce_types.c.obj)
                0x0800b9e4                uxr_serialize_DATAWRITER_Representation
 .text.uxr_serialize_ObjectVariant.part.0
                0x0800ba34       0xe8 ../micro_ros_stm32cubemx_utils/microros_static_library_ide/libmicroros/libmicroros.a(libmicroxrcedds_client-xrce_types.c.obj)
 .text.uxr_deserialize_DATAWRITER_Representation
                0x0800bb1c       0x54 ../micro_ros_stm32cubemx_utils/microros_static_library_ide/libmicroros/libmicroros.a(libmicroxrcedds_client-xrce_types.c.obj)
                0x0800bb1c                uxr_deserialize_DATAWRITER_Representation
 .text.uxr_serialize_OBJK_DomainParticipant_Binary
                0x0800bb70       0x44 ../micro_ros_stm32cubemx_utils/microros_static_library_ide/libmicroros/libmicroros.a(libmicroxrcedds_client-xrce_types.c.obj)
                0x0800bb70                uxr_serialize_OBJK_DomainParticipant_Binary
 .text.uxr_deserialize_ObjectVariant
                0x0800bbb4      0x144 ../micro_ros_stm32cubemx_utils/microros_static_library_ide/libmicroros/libmicroros.a(libmicroxrcedds_client-xrce_types.c.obj)
                0x0800bbb4                uxr_deserialize_ObjectVariant
 .text.uxr_deserialize_BaseObjectRequest
                0x0800bcf8       0x20 ../micro_ros_stm32cubemx_utils/microros_static_library_ide/libmicroros/libmicroros.a(libmicroxrcedds_client-xrce_types.c.obj)
                0x0800bcf8                uxr_deserialize_BaseObjectRequest
 .text.uxr_serialize_ActivityInfoVariant
                0x0800bd18      0x14c ../micro_ros_stm32cubemx_utils/microros_static_library_ide/libmicroros/libmicroros.a(libmicroxrcedds_client-xrce_types.c.obj)
                0x0800bd18                uxr_serialize_ActivityInfoVariant
 .text.uxr_deserialize_BaseObjectReply
                0x0800be64       0x3c ../micro_ros_stm32cubemx_utils/microros_static_library_ide/libmicroros/libmicroros.a(libmicroxrcedds_client-xrce_types.c.obj)
                0x0800be64                uxr_deserialize_BaseObjectReply
 .text.uxr_serialize_ReadSpecification
                0x0800bea0       0x84 ../micro_ros_stm32cubemx_utils/microros_static_library_ide/libmicroros/libmicroros.a(libmicroxrcedds_client-xrce_types.c.obj)
                0x0800bea0                uxr_serialize_ReadSpecification
 .text.uxr_serialize_CREATE_CLIENT_Payload
                0x0800bf24        0x4 ../micro_ros_stm32cubemx_utils/microros_static_library_ide/libmicroros/libmicroros.a(libmicroxrcedds_client-xrce_types.c.obj)
                0x0800bf24                uxr_serialize_CREATE_CLIENT_Payload
 .text.uxr_serialize_CREATE_Payload
                0x0800bf28      0x120 ../micro_ros_stm32cubemx_utils/microros_static_library_ide/libmicroros/libmicroros.a(libmicroxrcedds_client-xrce_types.c.obj)
                0x0800bf28                uxr_serialize_CREATE_Payload
 .text.uxr_deserialize_GET_INFO_Payload
                0x0800c048       0x28 ../micro_ros_stm32cubemx_utils/microros_static_library_ide/libmicroros/libmicroros.a(libmicroxrcedds_client-xrce_types.c.obj)
                0x0800c048                uxr_deserialize_GET_INFO_Payload
 .text.uxr_serialize_DELETE_Payload
                0x0800c070       0x20 ../micro_ros_stm32cubemx_utils/microros_static_library_ide/libmicroros/libmicroros.a(libmicroxrcedds_client-xrce_types.c.obj)
                0x0800c070                uxr_serialize_DELETE_Payload
 .text.uxr_deserialize_STATUS_AGENT_Payload
                0x0800c090       0x60 ../micro_ros_stm32cubemx_utils/microros_static_library_ide/libmicroros/libmicroros.a(libmicroxrcedds_client-xrce_types.c.obj)
                0x0800c090                uxr_deserialize_STATUS_AGENT_Payload
 .text.uxr_deserialize_STATUS_Payload
                0x0800c0f0       0x3c ../micro_ros_stm32cubemx_utils/microros_static_library_ide/libmicroros/libmicroros.a(libmicroxrcedds_client-xrce_types.c.obj)
                0x0800c0f0                uxr_deserialize_STATUS_Payload
 .text.uxr_serialize_INFO_Payload
                0x0800c12c       0x98 ../micro_ros_stm32cubemx_utils/microros_static_library_ide/libmicroros/libmicroros.a(libmicroxrcedds_client-xrce_types.c.obj)
                0x0800c12c                uxr_serialize_INFO_Payload
 .text.uxr_serialize_READ_DATA_Payload
                0x0800c1c4       0x28 ../micro_ros_stm32cubemx_utils/microros_static_library_ide/libmicroros/libmicroros.a(libmicroxrcedds_client-xrce_types.c.obj)
                0x0800c1c4                uxr_serialize_READ_DATA_Payload
 .text.uxr_serialize_ACKNACK_Payload
                0x0800c1ec       0x2c ../micro_ros_stm32cubemx_utils/microros_static_library_ide/libmicroros/libmicroros.a(libmicroxrcedds_client-xrce_types.c.obj)
                0x0800c1ec                uxr_serialize_ACKNACK_Payload
 .text.uxr_deserialize_ACKNACK_Payload
                0x0800c218       0x28 ../micro_ros_stm32cubemx_utils/microros_static_library_ide/libmicroros/libmicroros.a(libmicroxrcedds_client-xrce_types.c.obj)
                0x0800c218                uxr_deserialize_ACKNACK_Payload
 .text.uxr_serialize_HEARTBEAT_Payload
                0x0800c240       0x28 ../micro_ros_stm32cubemx_utils/microros_static_library_ide/libmicroros/libmicroros.a(libmicroxrcedds_client-xrce_types.c.obj)
                0x0800c240                uxr_serialize_HEARTBEAT_Payload
 .text.uxr_deserialize_HEARTBEAT_Payload
                0x0800c268       0x24 ../micro_ros_stm32cubemx_utils/microros_static_library_ide/libmicroros/libmicroros.a(libmicroxrcedds_client-xrce_types.c.obj)
                0x0800c268                uxr_deserialize_HEARTBEAT_Payload
 .text.uxr_deserialize_TIMESTAMP_REPLY_Payload
                0x0800c28c       0x58 ../micro_ros_stm32cubemx_utils/microros_static_library_ide/libmicroros/libmicroros.a(libmicroxrcedds_client-xrce_types.c.obj)
                0x0800c28c                uxr_deserialize_TIMESTAMP_REPLY_Payload
 .text.uxr_deserialize_SampleIdentity
                0x0800c2e4       0x54 ../micro_ros_stm32cubemx_utils/microros_static_library_ide/libmicroros/libmicroros.a(libmicroxrcedds_client-xrce_types.c.obj)
                0x0800c2e4                uxr_deserialize_SampleIdentity
 .text.rcl_convert_rmw_ret_to_rcl_ret
                0x0800c338       0x28 ../micro_ros_stm32cubemx_utils/microros_static_library_ide/libmicroros/libmicroros.a(librcl-common.c.obj)
                0x0800c338                rcl_convert_rmw_ret_to_rcl_ret
 .text.rcl_get_zero_initialized_context
                0x0800c360       0x14 ../micro_ros_stm32cubemx_utils/microros_static_library_ide/libmicroros/libmicroros.a(librcl-context.c.obj)
                0x0800c360                rcl_get_zero_initialized_context
 .text.rcl_context_is_valid
                0x0800c374        0xc ../micro_ros_stm32cubemx_utils/microros_static_library_ide/libmicroros/libmicroros.a(librcl-context.c.obj)
                0x0800c374                rcl_context_is_valid
 .text.__cleanup_context
                0x0800c380       0xc0 ../micro_ros_stm32cubemx_utils/microros_static_library_ide/libmicroros/libmicroros.a(librcl-context.c.obj)
                0x0800c380                __cleanup_context
 .text.rcl_init
                0x0800c440      0x208 ../micro_ros_stm32cubemx_utils/microros_static_library_ide/libmicroros/libmicroros.a(librcl-init.c.obj)
                0x0800c440                rcl_init
 .text.rcl_get_localhost_only
                0x0800c648       0x44 ../micro_ros_stm32cubemx_utils/microros_static_library_ide/libmicroros/libmicroros.a(librcl-localhost.c.obj)
                0x0800c648                rcl_get_localhost_only
 .text.rcl_get_zero_initialized_node
                0x0800c68c       0x14 ../micro_ros_stm32cubemx_utils/microros_static_library_ide/libmicroros/libmicroros.a(librcl-node.c.obj)
                0x0800c68c                rcl_get_zero_initialized_node
 .text.rcl_node_init
                0x0800c6a0      0x28c ../micro_ros_stm32cubemx_utils/microros_static_library_ide/libmicroros/libmicroros.a(librcl-node.c.obj)
                0x0800c6a0                rcl_node_init
 .text.rcl_node_get_default_options
                0x0800c92c       0x1c ../micro_ros_stm32cubemx_utils/microros_static_library_ide/libmicroros/libmicroros.a(librcl-node_options.c.obj)
                0x0800c92c                rcl_node_get_default_options
 .text.rcl_node_options_copy
                0x0800c948       0x3c ../micro_ros_stm32cubemx_utils/microros_static_library_ide/libmicroros/libmicroros.a(librcl-node_options.c.obj)
                0x0800c948                rcl_node_options_copy
 .text.exact_match_lookup
                0x0800c984       0x84 ../micro_ros_stm32cubemx_utils/microros_static_library_ide/libmicroros/libmicroros.a(librcl-security.c.obj)
                0x0800c984                exact_match_lookup
 .text.rcl_get_secure_root
                0x0800ca08       0xd4 ../micro_ros_stm32cubemx_utils/microros_static_library_ide/libmicroros/libmicroros.a(librcl-security.c.obj)
                0x0800ca08                rcl_get_secure_root
 .text.rcl_get_security_options_from_environment
                0x0800cadc       0xa0 ../micro_ros_stm32cubemx_utils/microros_static_library_ide/libmicroros/libmicroros.a(librcl-security.c.obj)
                0x0800cadc                rcl_get_security_options_from_environment
 .text.rcl_get_system_time
                0x0800cb7c        0x8 ../micro_ros_stm32cubemx_utils/microros_static_library_ide/libmicroros/libmicroros.a(librcl-time.c.obj)
 .text.rcl_get_steady_time
                0x0800cb84        0x8 ../micro_ros_stm32cubemx_utils/microros_static_library_ide/libmicroros/libmicroros.a(librcl-time.c.obj)
 .text.rcl_get_ros_time
                0x0800cb8c       0x20 ../micro_ros_stm32cubemx_utils/microros_static_library_ide/libmicroros/libmicroros.a(librcl-time.c.obj)
 .text.rcl_clock_init
                0x0800cbac       0xf0 ../micro_ros_stm32cubemx_utils/microros_static_library_ide/libmicroros/libmicroros.a(librcl-time.c.obj)
                0x0800cbac                rcl_clock_init
 .text.rcl_validate_enclave_name_with_size
                0x0800cc9c       0xb0 ../micro_ros_stm32cubemx_utils/microros_static_library_ide/libmicroros/libmicroros.a(librcl-validate_enclave_name.c.obj)
                0x0800cc9c                rcl_validate_enclave_name_with_size
 .text.rcl_validate_enclave_name
                0x0800cd4c       0x24 ../micro_ros_stm32cubemx_utils/microros_static_library_ide/libmicroros/libmicroros.a(librcl-validate_enclave_name.c.obj)
                0x0800cd4c                rcl_validate_enclave_name
 .text.__atomic_load_8
                0x0800cd70       0x6c ../micro_ros_stm32cubemx_utils/microros_static_library_ide/libmicroros/libmicroros.a(librcutils-atomic_64bits.c.obj)
                0x0800cd70                __atomic_load_8
 .text.rcutils_get_env