../Core/Src/main.c:166:6:timer_callback	24	static
../Core/Src/main.c:179:6:StartDefaultTask	216	static
../Core/Src/main.c:276:5:main	8	static
../Core/Src/main.c:340:6:SystemClock_Config	88	static
../Core/Src/main.c:385:6:ReadADC_AVERAGE	24	static
../Core/Src/main.c:400:6:SentCMDVEL	16	static
../Core/Src/main.c:451:6:CheckButtonK	16	static
../Core/Src/main.c:470:6:CheckButtonB	16	static
../Core/Src/main.c:498:6:CheckButtonD	16	static
../Core/Src/main.c:536:6:HAL_TIM_PeriodElapsedCallback	16	static
../Core/Src/main.c:553:6:Error_Handler	4	static,ignoring_inline_asm
