../Core/Src/main.c:165:6:timer_callback	24	static
../Core/Src/main.c:176:6:StartDefaultTask	216	static
../Core/Src/main.c:273:5:main	8	static
../Core/Src/main.c:336:6:SystemClock_Config	88	static
../Core/Src/main.c:380:6:ReadADC_AVERAGE	24	static
../Core/Src/main.c:395:6:SentCMDVEL	16	static
../Core/Src/main.c:446:6:CheckButtonK	16	static
../Core/Src/main.c:465:6:CheckButtonB	16	static
../Core/Src/main.c:493:6:CheckButtonD	16	static
../Core/Src/main.c:531:6:HAL_TIM_PeriodElapsedCallback	16	static
../Core/Src/main.c:548:6:Error_Handler	4	static,ignoring_inline_asm
